<html>
<body>
<pre>
<h1>礦ision Build Log</h1>
<h2>Tool Versions:</h2>
IDE-Version: μVision V5.37.0.0
Copyright (C) 2022 ARM Ltd and ARM Germany GmbH. All rights reserved.
License Information: af Administrator, reaf, LIC=ZB4EI-TWTFP-ARUXW-QEJ15-1ZVPV-CDW1Y
 
Tool Versions:
Toolchain:       MDK-ARM Plus  Version: 5.37.0.0
Toolchain Path:  D:\soft\keil\ARM\ARMCC\Bin
C Compiler:      Armcc.exe V5.06 update 7 (build 960)
Assembler:       Armasm.exe V5.06 update 7 (build 960)
Linker/Locator:  ArmLink.exe V5.06 update 7 (build 960)
Library Manager: ArmAr.exe V5.06 update 7 (build 960)
Hex Converter:   FromElf.exe V5.06 update 7 (build 960)
CPU DLL:         SARMCM3.DLL V5.37.0.0
Dialog DLL:      DCM.DLL V1.17.5.0
Target DLL:      UL2CM3.DLL V1.164.7.0
Dialog DLL:      TCM.DLL V1.56.1.0
 
<h2>Project:</h2>
D:\project\Nurtrition_Pump_代码重构\Nurtrition_Pump.uvprojx
Project File Date:  09/12/2023

<h2>Output:</h2>
*** Using Compiler 'V5.06 update 7 (build 960)', folder: 'D:\soft\keil\ARM\ARMCC\Bin'
Rebuild target '加温'
compiling at32f415_int.c...
compiling main.c...
compiling at32f415_debug.c...
compiling at32f415_cmp.c...
compiling at32f415_clock.c...
compiling at32f415_crc.c...
compiling at32f415_dma.c...
compiling at32f415_adc.c...
compiling at32f415_crm.c...
compiling at32f415_can.c...
compiling at32f415_ertc.c...
compiling at32f415_exint.c...
compiling at32f415_gpio.c...
compiling at32f415_misc.c...
compiling at32f415_pwc.c...
compiling at32f415_i2c.c...
compiling at32f415_sdio.c...
compiling at32f415_flash.c...
compiling at32f415_usart.c...
compiling at32f415_spi.c...
compiling bubble.c...
compiling at32f415_tmr.c...
compiling press.c...
compiling at32f415_usb.c...
compiling key.c...
compiling led.c...
compiling at32f415_wdt.c...
assembling startup_at32f415.s...
compiling at32f415_wwdt.c...
compiling motor.c...
compiling clip.c...
compiling l_clip.c...
compiling system_at32f415.c...
compiling delay.c...
compiling adc.c...
compiling exti.c...
compiling timer.c...
compiling usart.c...
compiling eeprom.c...
linking...
Program Size: Code=2696 RO-data=416 RW-data=136 ZI-data=1648  
FromELF: creating hex file...
".\USER\Objects\Nurtrition_Pump.axf" - 0 Error(s), 0 Warning(s).

<h2>Software Packages used:</h2>

Package Vendor: Keil
                
                Keil.AT32F4xx_DFP.1.3.5
                ArteryTek AT32F4 Series Device Support,Drivers

<h2>Collection of Component include folders:</h2>
  D:/soft/keil/ARM/PACK/Keil/AT32F4xx_DFP/1.3.5/Device/Include

<h2>Collection of Component Files used:</h2>
Build Time Elapsed:  00:00:01
</pre>
</body>
</html>
