Component: ARM Compiler 5.06 update 7 (build 960) Tool: armlink [4d3601]

==============================================================================

Section Cross References

    at32f415_clock.o(i.system_clock_config) refers to at32f415_crm.o(i.crm_reset) for crm_reset
    at32f415_clock.o(i.system_clock_config) refers to at32f415_crm.o(i.crm_clock_source_enable) for crm_clock_source_enable
    at32f415_clock.o(i.system_clock_config) refers to at32f415_crm.o(i.crm_flag_get) for crm_flag_get
    at32f415_clock.o(i.system_clock_config) refers to at32f415_crm.o(i.crm_pll_config) for crm_pll_config
    at32f415_clock.o(i.system_clock_config) refers to at32f415_crm.o(i.crm_ahb_div_set) for crm_ahb_div_set
    at32f415_clock.o(i.system_clock_config) refers to at32f415_crm.o(i.crm_apb2_div_set) for crm_apb2_div_set
    at32f415_clock.o(i.system_clock_config) refers to at32f415_crm.o(i.crm_apb1_div_set) for crm_apb1_div_set
    at32f415_clock.o(i.system_clock_config) refers to at32f415_crm.o(i.crm_auto_step_mode_enable) for crm_auto_step_mode_enable
    at32f415_clock.o(i.system_clock_config) refers to at32f415_crm.o(i.crm_sysclk_switch) for crm_sysclk_switch
    at32f415_clock.o(i.system_clock_config) refers to at32f415_crm.o(i.crm_sysclk_switch_status_get) for crm_sysclk_switch_status_get
    at32f415_clock.o(i.system_clock_config) refers to system_at32f415.o(i.system_core_clock_update) for system_core_clock_update
    main.o(i.main) refers to at32f415_misc.o(i.nvic_priority_group_config) for nvic_priority_group_config
    main.o(i.main) refers to at32f415_clock.o(i.system_clock_config) for system_clock_config
    at32f415_adc.o(i.adc_reset) refers to at32f415_crm.o(i.crm_periph_reset) for crm_periph_reset
    at32f415_can.o(i.can_message_receive) refers to at32f415_can.o(i.can_receive_fifo_release) for can_receive_fifo_release
    at32f415_can.o(i.can_reset) refers to at32f415_crm.o(i.crm_periph_reset) for crm_periph_reset
    at32f415_cmp.o(i.cmp_reset) refers to at32f415_crm.o(i.crm_periph_reset) for crm_periph_reset
    at32f415_crm.o(i.crm_clocks_freq_get) refers to at32f415_crm.o(i.crm_sysclk_switch_status_get) for crm_sysclk_switch_status_get
    at32f415_crm.o(i.crm_clocks_freq_get) refers to lludivv7m.o(.text) for __aeabi_uldivmod
    at32f415_crm.o(i.crm_clocks_freq_get) refers to at32f415_crm.o(.constdata) for sclk_ahb_div_table
    at32f415_crm.o(i.crm_hext_stable_wait) refers to at32f415_crm.o(i.crm_flag_get) for crm_flag_get
    at32f415_crm.o(i.crm_hick_sclk_frequency_select) refers to at32f415_crm.o(i.crm_hick_divider_select) for crm_hick_divider_select
    at32f415_crm.o(i.crm_usb_clock_source_select) refers to at32f415_crm.o(i.crm_hick_sclk_frequency_select) for crm_hick_sclk_frequency_select
    at32f415_ertc.o(i.ertc_alarm_enable) refers to at32f415_ertc.o(i.ertc_write_protect_disable) for ertc_write_protect_disable
    at32f415_ertc.o(i.ertc_alarm_enable) refers to at32f415_ertc.o(i.ertc_wait_flag) for ertc_wait_flag
    at32f415_ertc.o(i.ertc_alarm_enable) refers to at32f415_ertc.o(i.ertc_write_protect_enable) for ertc_write_protect_enable
    at32f415_ertc.o(i.ertc_alarm_get) refers to at32f415_ertc.o(i.ertc_bcd_to_num) for ertc_bcd_to_num
    at32f415_ertc.o(i.ertc_alarm_mask_set) refers to at32f415_ertc.o(i.ertc_write_protect_disable) for ertc_write_protect_disable
    at32f415_ertc.o(i.ertc_alarm_mask_set) refers to at32f415_ertc.o(i.ertc_write_protect_enable) for ertc_write_protect_enable
    at32f415_ertc.o(i.ertc_alarm_set) refers to at32f415_ertc.o(i.ertc_num_to_bcd) for ertc_num_to_bcd
    at32f415_ertc.o(i.ertc_alarm_set) refers to at32f415_ertc.o(i.ertc_write_protect_disable) for ertc_write_protect_disable
    at32f415_ertc.o(i.ertc_alarm_set) refers to at32f415_ertc.o(i.ertc_write_protect_enable) for ertc_write_protect_enable
    at32f415_ertc.o(i.ertc_alarm_sub_second_set) refers to at32f415_ertc.o(i.ertc_write_protect_disable) for ertc_write_protect_disable
    at32f415_ertc.o(i.ertc_alarm_sub_second_set) refers to at32f415_ertc.o(i.ertc_write_protect_enable) for ertc_write_protect_enable
    at32f415_ertc.o(i.ertc_alarm_week_date_select) refers to at32f415_ertc.o(i.ertc_write_protect_disable) for ertc_write_protect_disable
    at32f415_ertc.o(i.ertc_alarm_week_date_select) refers to at32f415_ertc.o(i.ertc_write_protect_enable) for ertc_write_protect_enable
    at32f415_ertc.o(i.ertc_cal_output_enable) refers to at32f415_ertc.o(i.ertc_write_protect_disable) for ertc_write_protect_disable
    at32f415_ertc.o(i.ertc_cal_output_enable) refers to at32f415_ertc.o(i.ertc_write_protect_enable) for ertc_write_protect_enable
    at32f415_ertc.o(i.ertc_cal_output_select) refers to at32f415_ertc.o(i.ertc_write_protect_disable) for ertc_write_protect_disable
    at32f415_ertc.o(i.ertc_cal_output_select) refers to at32f415_ertc.o(i.ertc_write_protect_enable) for ertc_write_protect_enable
[...]
    Removing at32f415_ertc.o(i.ertc_flag_get), (24 bytes).
    Removing at32f415_ertc.o(i.ertc_hour_mode_set), (48 bytes).
    Removing at32f415_ertc.o(i.ertc_init_mode_enter), (60 bytes).
    Removing at32f415_ertc.o(i.ertc_init_mode_exit), (16 bytes).
    Removing at32f415_ertc.o(i.ertc_interrupt_enable), (92 bytes).
    Removing at32f415_ertc.o(i.ertc_interrupt_get), (48 bytes).
    Removing at32f415_ertc.o(i.ertc_num_to_bcd), (36 bytes).
    Removing at32f415_ertc.o(i.ertc_output_set), (60 bytes).
    Removing at32f415_ertc.o(i.ertc_refer_clock_detect_enable), (48 bytes).
    Removing at32f415_ertc.o(i.ertc_reset), (128 bytes).
    Removing at32f415_ertc.o(i.ertc_smooth_calibration_config), (112 bytes).
    Removing at32f415_ertc.o(i.ertc_sub_second_get), (20 bytes).
    Removing at32f415_ertc.o(i.ertc_tamper_detect_freq_set), (32 bytes).
    Removing at32f415_ertc.o(i.ertc_tamper_enable), (36 bytes).
    Removing at32f415_ertc.o(i.ertc_tamper_filter_set), (32 bytes).
    Removing at32f415_ertc.o(i.ertc_tamper_precharge_set), (32 bytes).
    Removing at32f415_ertc.o(i.ertc_tamper_pull_up_enable), (40 bytes).
    Removing at32f415_ertc.o(i.ertc_tamper_timestamp_enable), (32 bytes).
    Removing at32f415_ertc.o(i.ertc_tamper_valid_edge_set), (36 bytes).
    Removing at32f415_ertc.o(i.ertc_time_adjust), (92 bytes).
    Removing at32f415_ertc.o(i.ertc_time_set), (120 bytes).
    Removing at32f415_ertc.o(i.ertc_timestamp_enable), (32 bytes).
    Removing at32f415_ertc.o(i.ertc_timestamp_get), (108 bytes).
    Removing at32f415_ertc.o(i.ertc_timestamp_sub_second_get), (12 bytes).
    Removing at32f415_ertc.o(i.ertc_timestamp_valid_edge_set), (32 bytes).
    Removing at32f415_ertc.o(i.ertc_wait_flag), (38 bytes).
    Removing at32f415_ertc.o(i.ertc_wait_update), (56 bytes).
    Removing at32f415_ertc.o(i.ertc_wakeup_clock_set), (32 bytes).
    Removing at32f415_ertc.o(i.ertc_wakeup_counter_get), (12 bytes).
    Removing at32f415_ertc.o(i.ertc_wakeup_counter_set), (32 bytes).
    Removing at32f415_ertc.o(i.ertc_wakeup_enable), (52 bytes).
    Removing at32f415_ertc.o(i.ertc_write_protect_disable), (16 bytes).
    Removing at32f415_ertc.o(i.ertc_write_protect_enable), (12 bytes).
    Removing at32f415_exint.o(.rev16_text), (4 bytes).
    Removing at32f415_exint.o(.revsh_text), (4 bytes).
    Removing at32f415_exint.o(.rrx_text), (6 bytes).
    Removing at32f415_exint.o(i.exint_default_para_init), (14 bytes).
    Removing at32f415_exint.o(i.exint_event_enable), (32 bytes).
    Removing at32f415_exint.o(i.exint_init), (152 bytes).
    Removing at32f415_exint.o(i.exint_interrupt_enable), (32 bytes).
    Removing at32f415_exint.o(i.exint_reset), (40 bytes).
    Removing at32f415_exint.o(i.exint_software_interrupt_event_generate), (16 bytes).
    Removing at32f415_flash.o(.rev16_text), (4 bytes).
    Removing at32f415_flash.o(.revsh_text), (4 bytes).
    Removing at32f415_flash.o(.rrx_text), (6 bytes).
    Removing at32f415_flash.o(i.flash_boot_memory_extension_mode_enable), (64 bytes).
    Removing at32f415_flash.o(i.flash_byte_program), (56 bytes).
    Removing at32f415_flash.o(i.flash_crc_calibrate), (40 bytes).
    Removing at32f415_flash.o(i.flash_em_slib_datastart_sector_get), (16 bytes).
    Removing at32f415_flash.o(i.flash_epp_set), (220 bytes).
    Removing at32f415_flash.o(i.flash_epp_status_get), (12 bytes).
    Removing at32f415_flash.o(i.flash_extension_memory_slib_enable), (88 bytes).
    Removing at32f415_flash.o(i.flash_extension_memory_slib_state_get), (24 bytes).
    Removing at32f415_flash.o(i.flash_fap_enable), (140 bytes).
    Removing at32f415_flash.o(i.flash_fap_high_level_enable), (260 bytes).
    Removing at32f415_flash.o(i.flash_fap_high_level_status_get), (16 bytes).
    Removing at32f415_flash.o(i.flash_fap_status_get), (16 bytes).
    Removing at32f415_flash.o(i.flash_flag_clear), (12 bytes).
    Removing at32f415_flash.o(i.flash_flag_get), (56 bytes).
    Removing at32f415_flash.o(i.flash_halfword_program), (56 bytes).
    Removing at32f415_flash.o(i.flash_internal_all_erase), (60 bytes).
    Removing at32f415_flash.o(i.flash_interrupt_enable), (44 bytes).
    Removing at32f415_flash.o(i.flash_lock), (20 bytes).
    Removing at32f415_flash.o(i.flash_operation_status_get), (52 bytes).
    Removing at32f415_flash.o(i.flash_operation_wait_for), (36 bytes).
    Removing at32f415_flash.o(i.flash_sector_erase), (64 bytes).
    Removing at32f415_flash.o(i.flash_slib_datastart_sector_get), (16 bytes).
    Removing at32f415_flash.o(i.flash_slib_disable), (52 bytes).
    Removing at32f415_flash.o(i.flash_slib_enable), (148 bytes).
    Removing at32f415_flash.o(i.flash_slib_end_sector_get), (12 bytes).
    Removing at32f415_flash.o(i.flash_slib_start_sector_get), (16 bytes).
    Removing at32f415_flash.o(i.flash_slib_state_get), (24 bytes).
    Removing at32f415_flash.o(i.flash_ssb_set), (92 bytes).
    Removing at32f415_flash.o(i.flash_ssb_status_get), (16 bytes).
    Removing at32f415_flash.o(i.flash_unlock), (24 bytes).
    Removing at32f415_flash.o(i.flash_user_system_data_erase), (152 bytes).
    Removing at32f415_flash.o(i.flash_user_system_data_program), (88 bytes).
    Removing at32f415_flash.o(i.flash_word_program), (56 bytes).
    Removing at32f415_flash.o(.constdata), (8 bytes).
    Removing at32f415_gpio.o(.rev16_text), (4 bytes).
    Removing at32f415_gpio.o(.revsh_text), (4 bytes).
    Removing at32f415_gpio.o(.rrx_text), (6 bytes).
    Removing at32f415_gpio.o(i.gpio_bits_reset), (4 bytes).
    Removing at32f415_gpio.o(i.gpio_bits_set), (4 bytes).
    Removing at32f415_gpio.o(i.gpio_default_para_init), (22 bytes).
    Removing at32f415_gpio.o(i.gpio_event_output_config), (28 bytes).
    Removing at32f415_gpio.o(i.gpio_event_output_enable), (20 bytes).
    Removing at32f415_gpio.o(i.gpio_exint_line_config), (164 bytes).
    Removing at32f415_gpio.o(i.gpio_init), (168 bytes).
    Removing at32f415_gpio.o(i.gpio_input_data_bit_read), (18 bytes).
    Removing at32f415_gpio.o(i.gpio_input_data_read), (8 bytes).
    Removing at32f415_gpio.o(i.gpio_iomux_reset), (24 bytes).
    Removing at32f415_gpio.o(i.gpio_output_data_bit_read), (18 bytes).
    Removing at32f415_gpio.o(i.gpio_output_data_read), (8 bytes).
    Removing at32f415_gpio.o(i.gpio_pin_remap_config), (76 bytes).
    Removing at32f415_gpio.o(i.gpio_pin_wp_config), (18 bytes).
    Removing at32f415_gpio.o(i.gpio_port_write), (4 bytes).
    Removing at32f415_gpio.o(i.gpio_reset), (164 bytes).
    Removing at32f415_i2c.o(.rev16_text), (4 bytes).
    Removing at32f415_i2c.o(.revsh_text), (4 bytes).
    Removing at32f415_i2c.o(.rrx_text), (6 bytes).
    Removing at32f415_i2c.o(i.i2c_7bit_address_send), (18 bytes).
    Removing at32f415_i2c.o(i.i2c_ack_enable), (10 bytes).
    Removing at32f415_i2c.o(i.i2c_arp_mode_enable), (10 bytes).
    Removing at32f415_i2c.o(i.i2c_clock_stretch_enable), (18 bytes).
    Removing at32f415_i2c.o(i.i2c_data_receive), (8 bytes).
    Removing at32f415_i2c.o(i.i2c_data_send), (4 bytes).
    Removing at32f415_i2c.o(i.i2c_dma_enable), (10 bytes).
    Removing at32f415_i2c.o(i.i2c_dma_end_transfer_set), (10 bytes).
    Removing at32f415_i2c.o(i.i2c_enable), (10 bytes).
    Removing at32f415_i2c.o(i.i2c_fast_mode_duty_set), (10 bytes).
    Removing at32f415_i2c.o(i.i2c_flag_clear), (40 bytes).
    Removing at32f415_i2c.o(i.i2c_flag_get), (48 bytes).
    Removing at32f415_i2c.o(i.i2c_general_call_enable), (10 bytes).
    Removing at32f415_i2c.o(i.i2c_init), (260 bytes).
    Removing at32f415_i2c.o(i.i2c_interrupt_enable), (24 bytes).
    Removing at32f415_i2c.o(i.i2c_master_receive_ack_set), (10 bytes).
    Removing at32f415_i2c.o(i.i2c_own_address1_set), (18 bytes).
    Removing at32f415_i2c.o(i.i2c_own_address2_enable), (10 bytes).
    Removing at32f415_i2c.o(i.i2c_own_address2_set), (12 bytes).
    Removing at32f415_i2c.o(i.i2c_pec_calculate_enable), (10 bytes).
    Removing at32f415_i2c.o(i.i2c_pec_position_set), (10 bytes).
    Removing at32f415_i2c.o(i.i2c_pec_transmit_enable), (10 bytes).
    Removing at32f415_i2c.o(i.i2c_pec_value_get), (10 bytes).
    Removing at32f415_i2c.o(i.i2c_reset), (60 bytes).
    Removing at32f415_i2c.o(i.i2c_smbus_alert_set), (10 bytes).
    Removing at32f415_i2c.o(i.i2c_smbus_enable), (10 bytes).
    Removing at32f415_i2c.o(i.i2c_smbus_mode_set), (10 bytes).
    Removing at32f415_i2c.o(i.i2c_software_reset), (10 bytes).
    Removing at32f415_i2c.o(i.i2c_start_generate), (14 bytes).
    Removing at32f415_i2c.o(i.i2c_stop_generate), (14 bytes).
    Removing at32f415_misc.o(.rev16_text), (4 bytes).
    Removing at32f415_misc.o(.revsh_text), (4 bytes).
    Removing at32f415_misc.o(.rrx_text), (6 bytes).
    Removing at32f415_misc.o(i.nvic_irq_disable), (44 bytes).
    Removing at32f415_misc.o(i.nvic_irq_enable), (200 bytes).
    Removing at32f415_misc.o(i.nvic_lowpower_mode_config), (32 bytes).
    Removing at32f415_misc.o(i.nvic_system_reset), (44 bytes).
    Removing at32f415_misc.o(i.nvic_vector_table_set), (20 bytes).
    Removing at32f415_misc.o(i.systick_clock_source_config), (40 bytes).
    Removing at32f415_pwc.o(.rev16_text), (4 bytes).
    Removing at32f415_pwc.o(.revsh_text), (4 bytes).
    Removing at32f415_pwc.o(.rrx_text), (6 bytes).
    Removing at32f415_pwc.o(i.pwc_battery_powered_domain_access), (20 bytes).
    Removing at32f415_pwc.o(i.pwc_deep_sleep_mode_enter), (48 bytes).
    Removing at32f415_pwc.o(i.pwc_flag_clear), (48 bytes).
    Removing at32f415_pwc.o(i.pwc_flag_get), (24 bytes).
    Removing at32f415_pwc.o(i.pwc_power_voltage_monitor_enable), (20 bytes).
    Removing at32f415_pwc.o(i.pwc_pvm_level_select), (20 bytes).
    Removing at32f415_pwc.o(i.pwc_reset), (24 bytes).
    Removing at32f415_pwc.o(i.pwc_sleep_mode_enter), (36 bytes).
    Removing at32f415_pwc.o(i.pwc_standby_mode_enter), (56 bytes).
    Removing at32f415_pwc.o(i.pwc_voltage_regulate_set), (20 bytes).
    Removing at32f415_pwc.o(i.pwc_wakeup_pin_enable), (32 bytes).
    Removing at32f415_sdio.o(.rev16_text), (4 bytes).
    Removing at32f415_sdio.o(.revsh_text), (4 bytes).
    Removing at32f415_sdio.o(.rrx_text), (6 bytes).
    Removing at32f415_sdio.o(i.sdio_buffer_counter_get), (6 bytes).
    Removing at32f415_sdio.o(i.sdio_bus_width_config), (10 bytes).
    Removing at32f415_sdio.o(i.sdio_clock_bypass), (10 bytes).
    Removing at32f415_sdio.o(i.sdio_clock_config), (30 bytes).
    Removing at32f415_sdio.o(i.sdio_clock_enable), (10 bytes).
    Removing at32f415_sdio.o(i.sdio_command_config), (56 bytes).
    Removing at32f415_sdio.o(i.sdio_command_response_get), (10 bytes).
    Removing at32f415_sdio.o(i.sdio_command_state_machine_enable), (10 bytes).
    Removing at32f415_sdio.o(i.sdio_data_config), (56 bytes).
    Removing at32f415_sdio.o(i.sdio_data_counter_get), (6 bytes).
    Removing at32f415_sdio.o(i.sdio_data_read), (8 bytes).
    Removing at32f415_sdio.o(i.sdio_data_state_machine_enable), (10 bytes).
    Removing at32f415_sdio.o(i.sdio_data_write), (6 bytes).
    Removing at32f415_sdio.o(i.sdio_dma_enable), (10 bytes).
    Removing at32f415_sdio.o(i.sdio_flag_clear), (4 bytes).
    Removing at32f415_sdio.o(i.sdio_flag_get), (20 bytes).
    Removing at32f415_sdio.o(i.sdio_flow_control_enable), (10 bytes).
    Removing at32f415_sdio.o(i.sdio_interrupt_enable), (20 bytes).
    Removing at32f415_sdio.o(i.sdio_io_function_enable), (10 bytes).
    Removing at32f415_sdio.o(i.sdio_io_suspend_command_set), (10 bytes).
    Removing at32f415_sdio.o(i.sdio_power_saving_mode_enable), (10 bytes).
    Removing at32f415_sdio.o(i.sdio_power_set), (10 bytes).
    Removing at32f415_sdio.o(i.sdio_power_status_get), (10 bytes).
    Removing at32f415_sdio.o(i.sdio_read_wait_mode_set), (10 bytes).
    Removing at32f415_sdio.o(i.sdio_read_wait_start), (10 bytes).
    Removing at32f415_sdio.o(i.sdio_read_wait_stop), (10 bytes).
    Removing at32f415_sdio.o(i.sdio_reset), (28 bytes).
    Removing at32f415_sdio.o(i.sdio_response_get), (42 bytes).
    Removing at32f415_spi.o(.rev16_text), (4 bytes).
    Removing at32f415_spi.o(.revsh_text), (4 bytes).
    Removing at32f415_spi.o(.rrx_text), (6 bytes).
    Removing at32f415_spi.o(i.i2s_default_para_init), (22 bytes).
    Removing at32f415_spi.o(i.i2s_enable), (10 bytes).
    Removing at32f415_spi.o(i.i2s_init), (554 bytes).
    Removing at32f415_spi.o(i.spi_crc_enable), (10 bytes).
    Removing at32f415_spi.o(i.spi_crc_next_transmit), (14 bytes).
    Removing at32f415_spi.o(i.spi_crc_polynomial_get), (8 bytes).
    Removing at32f415_spi.o(i.spi_crc_polynomial_set), (10 bytes).
    Removing at32f415_spi.o(i.spi_crc_value_get), (18 bytes).
    Removing at32f415_spi.o(i.spi_default_para_init), (22 bytes).
    Removing at32f415_spi.o(i.spi_enable), (10 bytes).
    Removing at32f415_spi.o(i.spi_frame_bit_num_set), (10 bytes).
    Removing at32f415_spi.o(i.spi_half_duplex_direction_set), (10 bytes).
    Removing at32f415_spi.o(i.spi_hardware_cs_output_enable), (10 bytes).
    Removing at32f415_spi.o(i.spi_i2s_data_receive), (8 bytes).
    Removing at32f415_spi.o(i.spi_i2s_data_transmit), (4 bytes).
    Removing at32f415_spi.o(i.spi_i2s_dma_receiver_enable), (10 bytes).
    Removing at32f415_spi.o(i.spi_i2s_dma_transmitter_enable), (10 bytes).
    Removing at32f415_spi.o(i.spi_i2s_flag_clear), (48 bytes).
    Removing at32f415_spi.o(i.spi_i2s_flag_get), (16 bytes).
    Removing at32f415_spi.o(i.spi_i2s_interrupt_enable), (18 bytes).
    Removing at32f415_spi.o(i.spi_i2s_reset), (64 bytes).
    Removing at32f415_spi.o(i.spi_init), (292 bytes).
    Removing at32f415_spi.o(i.spi_software_cs_internal_level_set), (10 bytes).
    Removing at32f415_tmr.o(.rev16_text), (4 bytes).
    Removing at32f415_tmr.o(.revsh_text), (4 bytes).
    Removing at32f415_tmr.o(.rrx_text), (6 bytes).
    Removing at32f415_tmr.o(i.tmr_32_bit_function_enable), (28 bytes).
    Removing at32f415_tmr.o(i.tmr_base_init), (16 bytes).
    Removing at32f415_tmr.o(i.tmr_brkdt_config), (72 bytes).
    Removing at32f415_tmr.o(i.tmr_brkdt_default_para_init), (18 bytes).
    Removing at32f415_tmr.o(i.tmr_channel1_input_select), (10 bytes).
    Removing at32f415_tmr.o(i.tmr_channel_buffer_enable), (10 bytes).
    Removing at32f415_tmr.o(i.tmr_channel_dma_select), (10 bytes).
    Removing at32f415_tmr.o(i.tmr_channel_enable), (96 bytes).
    Removing at32f415_tmr.o(i.tmr_channel_value_get), (46 bytes).
    Removing at32f415_tmr.o(i.tmr_channel_value_set), (40 bytes).
    Removing at32f415_tmr.o(i.tmr_clock_source_div_set), (10 bytes).
    Removing at32f415_tmr.o(i.tmr_cnt_dir_set), (10 bytes).
    Removing at32f415_tmr.o(i.tmr_counter_enable), (10 bytes).
    Removing at32f415_tmr.o(i.tmr_counter_value_get), (6 bytes).
    Removing at32f415_tmr.o(i.tmr_counter_value_set), (4 bytes).
    Removing at32f415_tmr.o(i.tmr_div_value_get), (6 bytes).
    Removing at32f415_tmr.o(i.tmr_div_value_set), (4 bytes).
    Removing at32f415_tmr.o(i.tmr_dma_control_config), (18 bytes).
    Removing at32f415_tmr.o(i.tmr_dma_request_enable), (22 bytes).
    Removing at32f415_tmr.o(i.tmr_encoder_mode_config), (70 bytes).
    Removing at32f415_tmr.o(i.tmr_event_sw_trigger), (8 bytes).
    Removing at32f415_tmr.o(i.tmr_external_clock_config), (28 bytes).
    Removing at32f415_tmr.o(i.tmr_external_clock_mode1_config), (44 bytes).
    Removing at32f415_tmr.o(i.tmr_external_clock_mode2_config), (36 bytes).
    Removing at32f415_tmr.o(i.tmr_force_output_set), (66 bytes).
    Removing at32f415_tmr.o(i.tmr_hall_select), (10 bytes).
    Removing at32f415_tmr.o(i.tmr_input_channel_divider_set), (66 bytes).
    Removing at32f415_tmr.o(i.tmr_input_channel_filter_set), (66 bytes).
    Removing at32f415_tmr.o(i.tmr_input_channel_init), (304 bytes).
    Removing at32f415_tmr.o(i.tmr_input_default_para_init), (16 bytes).
    Removing at32f415_tmr.o(i.tmr_internal_clock_set), (10 bytes).
    Removing at32f415_tmr.o(i.tmr_interrupt_enable), (22 bytes).
    Removing at32f415_tmr.o(i.tmr_one_cycle_mode_enable), (10 bytes).
    Removing at32f415_tmr.o(i.tmr_output_channel_buffer_enable), (66 bytes).
    Removing at32f415_tmr.o(i.tmr_output_channel_config), (416 bytes).
    Removing at32f415_tmr.o(i.tmr_output_channel_immediately_set), (66 bytes).
    Removing at32f415_tmr.o(i.tmr_output_channel_mode_select), (66 bytes).
    Removing at32f415_tmr.o(i.tmr_output_channel_polarity_set), (96 bytes).
    Removing at32f415_tmr.o(i.tmr_output_channel_switch_select), (10 bytes).
    Removing at32f415_tmr.o(i.tmr_output_channel_switch_set), (66 bytes).
    Removing at32f415_tmr.o(i.tmr_output_default_para_init), (18 bytes).
    Removing at32f415_tmr.o(i.tmr_output_enable), (10 bytes).
    Removing at32f415_tmr.o(i.tmr_overflow_event_disable), (10 bytes).
    Removing at32f415_tmr.o(i.tmr_overflow_request_source_set), (10 bytes).
    Removing at32f415_tmr.o(i.tmr_period_buffer_enable), (10 bytes).
    Removing at32f415_tmr.o(i.tmr_period_value_get), (6 bytes).
    Removing at32f415_tmr.o(i.tmr_period_value_set), (4 bytes).
    Removing at32f415_tmr.o(i.tmr_primary_mode_select), (10 bytes).
    Removing at32f415_tmr.o(i.tmr_pwm_input_config), (350 bytes).
    Removing at32f415_tmr.o(i.tmr_repetition_counter_set), (10 bytes).
    Removing at32f415_tmr.o(i.tmr_reset), (244 bytes).
    Removing at32f415_tmr.o(i.tmr_sub_mode_select), (10 bytes).
    Removing at32f415_tmr.o(i.tmr_sub_sync_mode_set), (10 bytes).
    Removing at32f415_tmr.o(i.tmr_trigger_input_select), (10 bytes).
    Removing at32f415_usart.o(.rev16_text), (4 bytes).
    Removing at32f415_usart.o(.revsh_text), (4 bytes).
    Removing at32f415_usart.o(.rrx_text), (6 bytes).
    Removing at32f415_usart.o(i.usart_break_bit_num_set), (10 bytes).
    Removing at32f415_usart.o(i.usart_break_send), (12 bytes).
    Removing at32f415_usart.o(i.usart_clock_config), (28 bytes).
    Removing at32f415_usart.o(i.usart_clock_enable), (10 bytes).
    Removing at32f415_usart.o(i.usart_data_receive), (8 bytes).
    Removing at32f415_usart.o(i.usart_data_transmit), (8 bytes).
    Removing at32f415_usart.o(i.usart_dma_receiver_enable), (10 bytes).
    Removing at32f415_usart.o(i.usart_dma_transmitter_enable), (10 bytes).
    Removing at32f415_usart.o(i.usart_enable), (10 bytes).
    Removing at32f415_usart.o(i.usart_flag_clear), (18 bytes).
    Removing at32f415_usart.o(i.usart_flag_get), (16 bytes).
    Removing at32f415_usart.o(i.usart_hardware_flow_control_set), (102 bytes).
    Removing at32f415_usart.o(i.usart_init), (108 bytes).
    Removing at32f415_usart.o(i.usart_interrupt_enable), (54 bytes).
    Removing at32f415_usart.o(i.usart_irda_low_power_enable), (10 bytes).
    Removing at32f415_usart.o(i.usart_irda_mode_enable), (10 bytes).
    Removing at32f415_usart.o(i.usart_irda_smartcard_division_set), (10 bytes).
    Removing at32f415_usart.o(i.usart_lin_mode_enable), (10 bytes).
    Removing at32f415_usart.o(i.usart_parity_selection_config), (76 bytes).
    Removing at32f415_usart.o(i.usart_receiver_enable), (10 bytes).
    Removing at32f415_usart.o(i.usart_receiver_mute_enable), (10 bytes).
    Removing at32f415_usart.o(i.usart_reset), (92 bytes).
    Removing at32f415_usart.o(i.usart_single_line_halfduplex_select), (10 bytes).
    Removing at32f415_usart.o(i.usart_smartcard_guard_time_set), (10 bytes).
    Removing at32f415_usart.o(i.usart_smartcard_mode_enable), (10 bytes).
    Removing at32f415_usart.o(i.usart_smartcard_nack_set), (10 bytes).
    Removing at32f415_usart.o(i.usart_transmitter_enable), (10 bytes).
    Removing at32f415_usart.o(i.usart_wakeup_id_set), (10 bytes).
    Removing at32f415_usart.o(i.usart_wakeup_mode_set), (10 bytes).
    Removing at32f415_usb.o(.rev16_text), (4 bytes).
    Removing at32f415_usb.o(.revsh_text), (4 bytes).
    Removing at32f415_usb.o(.rrx_text), (6 bytes).
    Removing at32f415_usb.o(i.usb_connect), (18 bytes).
    Removing at32f415_usb.o(i.usb_disconnect), (20 bytes).
    Removing at32f415_usb.o(i.usb_ept0_setup), (34 bytes).
    Removing at32f415_usb.o(i.usb_ept0_start), (44 bytes).
    Removing at32f415_usb.o(i.usb_ept_clear_stall), (146 bytes).
    Removing at32f415_usb.o(i.usb_ept_close), (100 bytes).
    Removing at32f415_usb.o(i.usb_ept_in_clear), (12 bytes).
    Removing at32f415_usb.o(i.usb_ept_in_interrupt), (44 bytes).
    Removing at32f415_usb.o(i.usb_ept_open), (416 bytes).
    Removing at32f415_usb.o(i.usb_ept_out_clear), (12 bytes).
    Removing at32f415_usb.o(i.usb_ept_out_interrupt), (22 bytes).
    Removing at32f415_usb.o(i.usb_ept_stall), (146 bytes).
    Removing at32f415_usb.o(i.usb_flush_rx_fifo), (44 bytes).
    Removing at32f415_usb.o(i.usb_flush_tx_fifo), (56 bytes).
    Removing at32f415_usb.o(i.usb_get_all_in_interrupt), (18 bytes).
    Removing at32f415_usb.o(i.usb_get_all_out_interrupt), (18 bytes).
    Removing at32f415_usb.o(i.usb_global_clear_interrupt), (4 bytes).
    Removing at32f415_usb.o(i.usb_global_get_all_interrupt), (10 bytes).
    Removing at32f415_usb.o(i.usb_global_init), (48 bytes).
    Removing at32f415_usb.o(i.usb_global_interrupt_enable), (20 bytes).
    Removing at32f415_usb.o(i.usb_global_power_on), (36 bytes).
    Removing at32f415_usb.o(i.usb_global_reset), (76 bytes).
    Removing at32f415_usb.o(i.usb_global_select_core), (8 bytes).
    Removing at32f415_usb.o(i.usb_global_set_mode), (68 bytes).
    Removing at32f415_usb.o(i.usb_hc_enable), (276 bytes).
    Removing at32f415_usb.o(i.usb_hch_halt), (196 bytes).
    Removing at32f415_usb.o(i.usb_hch_read_interrupt), (12 bytes).
    Removing at32f415_usb.o(i.usb_host_disable), (180 bytes).
    Removing at32f415_usb.o(i.usb_interrupt_disable), (10 bytes).
    Removing at32f415_usb.o(i.usb_interrupt_enable), (12 bytes).
    Removing at32f415_usb.o(i.usb_open_phy_clk), (14 bytes).
    Removing at32f415_usb.o(i.usb_port_power_on), (36 bytes).
    Removing at32f415_usb.o(i.usb_read_packet), (42 bytes).
    Removing at32f415_usb.o(i.usb_remote_wkup_clear), (18 bytes).
    Removing at32f415_usb.o(i.usb_remote_wkup_set), (20 bytes).
    Removing at32f415_usb.o(i.usb_set_address), (14 bytes).
    Removing at32f415_usb.o(i.usb_set_rx_fifo), (4 bytes).
    Removing at32f415_usb.o(i.usb_set_tx_fifo), (66 bytes).
    Removing at32f415_usb.o(i.usb_stop_phy_clk), (16 bytes).
    Removing at32f415_usb.o(i.usb_suspend_status_get), (14 bytes).
    Removing at32f415_usb.o(i.usb_write_packet), (48 bytes).
    Removing at32f415_usb.o(i.usbh_fsls_clksel), (34 bytes).
    Removing at32f415_usb.o(i.usbh_get_frame), (12 bytes).
    Removing at32f415_wdt.o(.rev16_text), (4 bytes).
    Removing at32f415_wdt.o(.revsh_text), (4 bytes).
    Removing at32f415_wdt.o(.rrx_text), (6 bytes).
    Removing at32f415_wdt.o(i.wdt_counter_reload), (16 bytes).
    Removing at32f415_wdt.o(i.wdt_divider_set), (20 bytes).
    Removing at32f415_wdt.o(i.wdt_enable), (16 bytes).
    Removing at32f415_wdt.o(i.wdt_flag_get), (24 bytes).
    Removing at32f415_wdt.o(i.wdt_register_write_enable), (24 bytes).
    Removing at32f415_wdt.o(i.wdt_reload_value_set), (12 bytes).
    Removing at32f415_wwdt.o(.rev16_text), (4 bytes).
    Removing at32f415_wwdt.o(.revsh_text), (4 bytes).
    Removing at32f415_wwdt.o(.rrx_text), (6 bytes).
    Removing at32f415_wwdt.o(i.wwdt_counter_set), (20 bytes).
    Removing at32f415_wwdt.o(i.wwdt_divider_set), (20 bytes).
    Removing at32f415_wwdt.o(i.wwdt_enable), (16 bytes).
    Removing at32f415_wwdt.o(i.wwdt_flag_clear), (12 bytes).
    Removing at32f415_wwdt.o(i.wwdt_flag_get), (16 bytes).
    Removing at32f415_wwdt.o(i.wwdt_interrupt_enable), (24 bytes).
    Removing at32f415_wwdt.o(i.wwdt_reset), (24 bytes).
    Removing at32f415_wwdt.o(i.wwdt_window_counter_set), (20 bytes).
    Removing motor.o(.rev16_text), (4 bytes).
    Removing motor.o(.revsh_text), (4 bytes).
    Removing motor.o(.rrx_text), (6 bytes).
    Removing motor.o(i.crm_configuration), (40 bytes).
    Removing motor.o(i.gpio_configuration), (76 bytes).
    Removing motor.o(i.gpio_set_dir_in), (36 bytes).
    Removing motor.o(i.gpio_set_dir_out), (48 bytes).
    Removing motor.o(i.motor_init), (152 bytes).
    Removing motor.o(i.motor_step_set), (36 bytes).
    Removing motor.o(i.pwm_set), (72 bytes).
    Removing motor.o(i.pwm_stop), (28 bytes).
    Removing motor.o(i.timer_init), (76 bytes).
    Removing motor.o(i.tmr3_pwm_config), (116 bytes).
    Removing motor.o(i.tmr_stop), (14 bytes).
    Removing clip.o(.rev16_text), (4 bytes).
    Removing clip.o(.revsh_text), (4 bytes).
    Removing clip.o(.rrx_text), (6 bytes).
    Removing clip.o(i.clip1_gpio_init), (72 bytes).
    Removing clip.o(i.clip1_run_status), (40 bytes).
    Removing clip.o(i.clip1_status), (28 bytes).
    Removing clip.o(i.clip2_gpio_init), (72 bytes).
    Removing clip.o(i.clip2_run_status), (40 bytes).
    Removing clip.o(i.clip2_status), (28 bytes).
    Removing clip.o(i.clip_init), (32 bytes).
    Removing clip.o(i.gpio_set_dir_out), (48 bytes).
    Removing l_clip.o(.rev16_text), (4 bytes).
    Removing l_clip.o(.revsh_text), (4 bytes).
    Removing l_clip.o(.rrx_text), (6 bytes).
    Removing l_clip.o(i._check_all_init_closing), (112 bytes).
    Removing l_clip.o(i._check_all_init_openning), (48 bytes).
    Removing l_clip.o(i._check_clip1_init_closing), (72 bytes).
    Removing l_clip.o(i._check_clip1_init_openning), (48 bytes).
    Removing l_clip.o(i._check_clip2_init_closing), (72 bytes).
    Removing l_clip.o(i._check_clip2_init_openning), (48 bytes).
    Removing l_clip.o(i._check_normal_run), (48 bytes).
    Removing l_clip.o(i._clip_state_update), (96 bytes).
    Removing l_clip.o(i._init), (264 bytes).
    Removing l_clip.o(i._run), (512 bytes).
    Removing l_clip.o(i.clip2_stop), (44 bytes).
    Removing l_clip.o(i.clip_loop_10ms), (28 bytes).
    Removing l_clip.o(i.get_clip_state_from_flash), (44 bytes).
    Removing l_clip.o(i.set_clip1_closing), (40 bytes).
    Removing l_clip.o(i.set_clip1_opening), (40 bytes).
    Removing l_clip.o(i.set_clip2_closing), (40 bytes).
    Removing l_clip.o(i.set_clip2_opening), (40 bytes).
    Removing l_clip.o(i.set_clip_state_to_flash), (28 bytes).
    Removing system_at32f415.o(.rev16_text), (4 bytes).
    Removing system_at32f415.o(.revsh_text), (4 bytes).
    Removing system_at32f415.o(.rrx_text), (6 bytes).
    Removing delay.o(.rev16_text), (4 bytes).
    Removing delay.o(.revsh_text), (4 bytes).
    Removing delay.o(.rrx_text), (6 bytes).
    Removing delay.o(i.delay_init), (56 bytes).
    Removing delay.o(i.delay_ms), (116 bytes).
    Removing delay.o(i.delay_sec), (34 bytes).
    Removing delay.o(i.delay_us), (80 bytes).
    Removing delay.o(.data), (8 bytes).
    Removing adc.o(.rev16_text), (4 bytes).
    Removing adc.o(.revsh_text), (4 bytes).
    Removing adc.o(.rrx_text), (6 bytes).
    Removing adc.o(i.adc_config), (208 bytes).
    Removing adc.o(i.adc_init), (16 bytes).
    Removing adc.o(i.dma_config), (132 bytes).
    Removing adc.o(i.gpio_config), (44 bytes).
    Removing adc.o(.bss), (14 bytes).
    Removing usart.o(.rev16_text), (4 bytes).
    Removing usart.o(.revsh_text), (4 bytes).
    Removing usart.o(.rrx_text), (6 bytes).
    Removing usart.o(i.dma_configuration), (528 bytes).
    Removing usart.o(i.usart_2_3_init), (12 bytes).
    Removing usart.o(i.usart_configuration), (276 bytes).
    Removing usart.o(.bss), (118 bytes).
    Removing timer.o(.rev16_text), (4 bytes).
    Removing timer.o(.revsh_text), (4 bytes).
    Removing timer.o(.rrx_text), (6 bytes).
    Removing timer.o(i.pal_tmr_init), (100 bytes).
    Removing timer.o(.bss), (20 bytes).
    Removing exti.o(.rev16_text), (4 bytes).
    Removing exti.o(.revsh_text), (4 bytes).
    Removing exti.o(.rrx_text), (6 bytes).
    Removing exti.o(i.clip1_g_exti_config), (80 bytes).
    Removing exti.o(i.clip1_g_gpio_init), (32 bytes).
    Removing exti.o(i.clip2_g_exti_config), (80 bytes).
    Removing exti.o(i.clip2_g_gpio_init), (32 bytes).
    Removing exti.o(i.gpio_set_dir_in), (36 bytes).
    Removing exti.o(i.motor_g1_exti_config), (80 bytes).
    Removing exti.o(i.motor_g1_gpio_init), (28 bytes).
    Removing exti.o(i.motor_g2_exti_config), (80 bytes).
    Removing exti.o(i.motor_g2_gpio_init), (28 bytes).
    Removing eeprom.o(.rev16_text), (4 bytes).
    Removing eeprom.o(.revsh_text), (4 bytes).
    Removing eeprom.o(.rrx_text), (6 bytes).
    Removing eeprom.o(i.flash_ee_copy_to_new_page), (196 bytes).
    Removing eeprom.o(i.flash_ee_data_read), (104 bytes).
    Removing eeprom.o(i.flash_ee_data_write), (78 bytes).
    Removing eeprom.o(i.flash_ee_erase_transfer), (64 bytes).
    Removing eeprom.o(i.flash_ee_format), (88 bytes).
    Removing eeprom.o(i.flash_ee_format_check), (58 bytes).
    Removing eeprom.o(i.flash_ee_full_check), (72 bytes).
    Removing eeprom.o(i.flash_ee_init), (276 bytes).
    Removing eeprom.o(i.flash_ee_page_erase), (44 bytes).
    Removing eeprom.o(i.flash_ee_valid_page_get), (96 bytes).
    Removing eeprom.o(i.flash_ee_valid_transfer), (76 bytes).
    Removing eeprom.o(i.flash_ee_write_no_check), (132 bytes).

632 unused section(s) (total 27976 bytes) removed from the image.

==============================================================================

Image Symbol Table

    Local Symbols

    Symbol Name                              Value     Ov Type        Size  Object(Section)

    ../clib/angel/boardlib.s                 0x00000000   Number         0  boardinit1.o ABSOLUTE
    ../clib/angel/boardlib.s                 0x00000000   Number         0  boardinit2.o ABSOLUTE
    ../clib/angel/boardlib.s                 0x00000000   Number         0  boardshut.o ABSOLUTE
    ../clib/angel/boardlib.s                 0x00000000   Number         0  boardinit3.o ABSOLUTE
    ../clib/angel/handlers.s                 0x00000000   Number         0  __scatter_copy.o ABSOLUTE
    ../clib/angel/handlers.s                 0x00000000   Number         0  __scatter_zi.o ABSOLUTE
    ../clib/angel/kernel.s                   0x00000000   Number         0  rtexit2.o ABSOLUTE
    ../clib/angel/kernel.s                   0x00000000   Number         0  __rtentry.o ABSOLUTE
    ../clib/angel/kernel.s                   0x00000000   Number         0  __rtentry4.o ABSOLUTE
    ../clib/angel/kernel.s                   0x00000000   Number         0  rtexit.o ABSOLUTE
    ../clib/angel/kernel.s                   0x00000000   Number         0  __rtentry2.o ABSOLUTE
    ../clib/angel/rt.s                       0x00000000   Number         0  rt_raise.o ABSOLUTE
    ../clib/angel/rt.s                       0x00000000   Number         0  rt_div0.o ABSOLUTE
    ../clib/angel/rt.s                       0x00000000   Number         0  aeabi_ldiv0.o ABSOLUTE
    ../clib/angel/rt.s                       0x00000000   Number         0  aeabi_ldiv0_sigfpe.o ABSOLUTE
    ../clib/angel/scatter.s                  0x00000000   Number         0  __scatter.o ABSOLUTE
    ../clib/angel/startup.s                  0x00000000   Number         0  __main.o ABSOLUTE
    ../clib/angel/sys.s                      0x00000000   Number         0  libspace.o ABSOLUTE
    ../clib/angel/sys.s                      0x00000000   Number         0  indicate_semi.o ABSOLUTE
    ../clib/angel/sys.s                      0x00000000   Number         0  use_no_semi.o ABSOLUTE
    ../clib/angel/sys.s                      0x00000000   Number         0  sys_stackheap_outer.o ABSOLUTE
    ../clib/angel/sysapp.c                   0x00000000   Number         0  sys_command.o ABSOLUTE
    ../clib/angel/sysapp.c                   0x00000000   Number         0  sys_exit.o ABSOLUTE
    ../clib/angel/sysapp.c                   0x00000000   Number         0  sys_wrch.o ABSOLUTE
    ../clib/armsys.c                         0x00000000   Number         0  argv_veneer.o ABSOLUTE
    ../clib/armsys.c                         0x00000000   Number         0  argv_veneer.o ABSOLUTE
    ../clib/armsys.c                         0x00000000   Number         0  _get_argv_nomalloc.o ABSOLUTE
    ../clib/armsys.c                         0x00000000   Number         0  no_argv.o ABSOLUTE
    ../clib/heapalloc.c                      0x00000000   Number         0  hrguard.o ABSOLUTE
    ../clib/heapaux.c                        0x00000000   Number         0  heapauxi.o ABSOLUTE
    ../clib/libinit.s                        0x00000000   Number         0  libshutdown.o ABSOLUTE
    ../clib/libinit.s                        0x00000000   Number         0  libinit2.o ABSOLUTE
    ../clib/libinit.s                        0x00000000   Number         0  libshutdown2.o ABSOLUTE
    ../clib/libinit.s                        0x00000000   Number         0  libinit.o ABSOLUTE
    ../clib/longlong.s                       0x00000000   Number         0  lludivv7m.o ABSOLUTE
    ../clib/signal.c                         0x00000000   Number         0  defsig_rtmem_outer.o ABSOLUTE
    ../clib/signal.c                         0x00000000   Number         0  defsig_rtmem_inner.o ABSOLUTE
    ../clib/signal.c                         0x00000000   Number         0  defsig_rtred_inner.o ABSOLUTE
    ../clib/signal.c                         0x00000000   Number         0  defsig_abrt_inner.o ABSOLUTE
    ../clib/signal.c                         0x00000000   Number         0  defsig_fpe_outer.o ABSOLUTE
    ../clib/signal.c                         0x00000000   Number         0  defsig_other.o ABSOLUTE
    ../clib/signal.c                         0x00000000   Number         0  defsig_segv_inner.o ABSOLUTE
    ../clib/signal.c                         0x00000000   Number         0  defsig_cppl_inner.o ABSOLUTE
    ../clib/signal.c                         0x00000000   Number         0  defsig_general.o ABSOLUTE
    ../clib/signal.c                         0x00000000   Number         0  __raise.o ABSOLUTE
    ../clib/signal.c                         0x00000000   Number         0  defsig_fpe_formal.o ABSOLUTE
    ../clib/signal.c                         0x00000000   Number         0  defsig_pvfn_inner.o ABSOLUTE
    ../clib/signal.c                         0x00000000   Number         0  defsig_stak_inner.o ABSOLUTE
    ../clib/signal.c                         0x00000000   Number         0  defsig_fpe_inner.o ABSOLUTE
    ../clib/signal.c                         0x00000000   Number         0  defsig_exit.o ABSOLUTE
    ../clib/signal.c                         0x00000000   Number         0  defsig_rtmem_formal.o ABSOLUTE
    ../clib/signal.s                         0x00000000   Number         0  defsig.o ABSOLUTE
    ../clib/stdlib.c                         0x00000000   Number         0  exit.o ABSOLUTE
    ../fplib/fdiv.s                          0x00000000   Number         0  fdiv.o ABSOLUTE
    ../fplib/ffixu.s                         0x00000000   Number         0  ffixu.o ABSOLUTE
    ../fplib/fflt.s                          0x00000000   Number         0  fflt_clz.o ABSOLUTE
    ../fplib/fmul.s                          0x00000000   Number         0  fmul.o ABSOLUTE
    ../fplib/fnaninf.s                       0x00000000   Number         0  fnaninf.o ABSOLUTE
    ../fplib/fpinit.s                        0x00000000   Number         0  fpinit.o ABSOLUTE
    ../fplib/fretinf.s                       0x00000000   Number         0  fretinf.o ABSOLUTE
    ../fplib/usenofp.s                       0x00000000   Number         0  usenofp.o ABSOLUTE
    BSP\\src\\at32f415_adc.c                 0x00000000   Number         0  at32f415_adc.o ABSOLUTE
    BSP\\src\\at32f415_can.c                 0x00000000   Number         0  at32f415_can.o ABSOLUTE
    BSP\\src\\at32f415_cmp.c                 0x00000000   Number         0  at32f415_cmp.o ABSOLUTE
    BSP\\src\\at32f415_crc.c                 0x00000000   Number         0  at32f415_crc.o ABSOLUTE
    BSP\\src\\at32f415_crm.c                 0x00000000   Number         0  at32f415_crm.o ABSOLUTE
    BSP\\src\\at32f415_debug.c               0x00000000   Number         0  at32f415_debug.o ABSOLUTE
    BSP\\src\\at32f415_dma.c                 0x00000000   Number         0  at32f415_dma.o ABSOLUTE
    BSP\\src\\at32f415_ertc.c                0x00000000   Number         0  at32f415_ertc.o ABSOLUTE
    BSP\\src\\at32f415_exint.c               0x00000000   Number         0  at32f415_exint.o ABSOLUTE
    BSP\\src\\at32f415_flash.c               0x00000000   Number         0  at32f415_flash.o ABSOLUTE
    BSP\\src\\at32f415_gpio.c                0x00000000   Number         0  at32f415_gpio.o ABSOLUTE
    BSP\\src\\at32f415_i2c.c                 0x00000000   Number         0  at32f415_i2c.o ABSOLUTE
    BSP\\src\\at32f415_misc.c                0x00000000   Number         0  at32f415_misc.o ABSOLUTE
    BSP\\src\\at32f415_pwc.c                 0x00000000   Number         0  at32f415_pwc.o ABSOLUTE
    BSP\\src\\at32f415_sdio.c                0x00000000   Number         0  at32f415_sdio.o ABSOLUTE
    BSP\\src\\at32f415_spi.c                 0x00000000   Number         0  at32f415_spi.o ABSOLUTE
    BSP\\src\\at32f415_tmr.c                 0x00000000   Number         0  at32f415_tmr.o ABSOLUTE
    BSP\\src\\at32f415_usart.c               0x00000000   Number         0  at32f415_usart.o ABSOLUTE
    BSP\\src\\at32f415_usb.c                 0x00000000   Number         0  at32f415_usb.o ABSOLUTE
    BSP\\src\\at32f415_wdt.c                 0x00000000   Number         0  at32f415_wdt.o ABSOLUTE
    BSP\\src\\at32f415_wwdt.c                0x00000000   Number         0  at32f415_wwdt.o ABSOLUTE
    BSP\src\at32f415_adc.c                   0x00000000   Number         0  at32f415_adc.o ABSOLUTE
    BSP\src\at32f415_can.c                   0x00000000   Number         0  at32f415_can.o ABSOLUTE
    BSP\src\at32f415_cmp.c                   0x00000000   Number         0  at32f415_cmp.o ABSOLUTE
    BSP\src\at32f415_crc.c                   0x00000000   Number         0  at32f415_crc.o ABSOLUTE
    BSP\src\at32f415_crm.c                   0x00000000   Number         0  at32f415_crm.o ABSOLUTE
    BSP\src\at32f415_debug.c                 0x00000000   Number         0  at32f415_debug.o ABSOLUTE
    BSP\src\at32f415_dma.c                   0x00000000   Number         0  at32f415_dma.o ABSOLUTE
    BSP\src\at32f415_ertc.c                  0x00000000   Number         0  at32f415_ertc.o ABSOLUTE
    BSP\src\at32f415_exint.c                 0x00000000   Number         0  at32f415_exint.o ABSOLUTE
    BSP\src\at32f415_flash.c                 0x00000000   Number         0  at32f415_flash.o ABSOLUTE
    BSP\src\at32f415_gpio.c                  0x00000000   Number         0  at32f415_gpio.o ABSOLUTE
    BSP\src\at32f415_i2c.c                   0x00000000   Number         0  at32f415_i2c.o ABSOLUTE
    BSP\src\at32f415_misc.c                  0x00000000   Number         0  at32f415_misc.o ABSOLUTE
    BSP\src\at32f415_pwc.c                   0x00000000   Number         0  at32f415_pwc.o ABSOLUTE
    BSP\src\at32f415_sdio.c                  0x00000000   Number         0  at32f415_sdio.o ABSOLUTE
    BSP\src\at32f415_spi.c                   0x00000000   Number         0  at32f415_spi.o ABSOLUTE
    BSP\src\at32f415_tmr.c                   0x00000000   Number         0  at32f415_tmr.o ABSOLUTE
    BSP\src\at32f415_usart.c                 0x00000000   Number         0  at32f415_usart.o ABSOLUTE
    BSP\src\at32f415_usb.c                   0x00000000   Number         0  at32f415_usb.o ABSOLUTE
    BSP\src\at32f415_wdt.c                   0x00000000   Number         0  at32f415_wdt.o ABSOLUTE
    BSP\src\at32f415_wwdt.c                  0x00000000   Number         0  at32f415_wwdt.o ABSOLUTE
    CMSIS\\system_at32f415.c                 0x00000000   Number         0  system_at32f415.o ABSOLUTE
    CMSIS\startup_at32f415.s                 0x00000000   Number         0  startup_at32f415.o ABSOLUTE
    CMSIS\system_at32f415.c                  0x00000000   Number         0  system_at32f415.o ABSOLUTE
    HARDWARE\\src\\clip.c                    0x00000000   Number         0  clip.o ABSOLUTE
    HARDWARE\\src\\motor.c                   0x00000000   Number         0  motor.o ABSOLUTE
    HARDWARE\src\bubble.c                    0x00000000   Number         0  bubble.o ABSOLUTE
    HARDWARE\src\clip.c                      0x00000000   Number         0  clip.o ABSOLUTE
    HARDWARE\src\key.c                       0x00000000   Number         0  key.o ABSOLUTE
    HARDWARE\src\led.c                       0x00000000   Number         0  led.o ABSOLUTE
    HARDWARE\src\motor.c                     0x00000000   Number         0  motor.o ABSOLUTE
    HARDWARE\src\press.c                     0x00000000   Number         0  press.o ABSOLUTE
    LOGIC\\src\\l_clip.c                     0x00000000   Number         0  l_clip.o ABSOLUTE
    LOGIC\src\l_clip.c                       0x00000000   Number         0  l_clip.o ABSOLUTE
    SYSTEM\\src\\adc.c                       0x00000000   Number         0  adc.o ABSOLUTE
    SYSTEM\\src\\delay.c                     0x00000000   Number         0  delay.o ABSOLUTE
    SYSTEM\\src\\eeprom.c                    0x00000000   Number         0  eeprom.o ABSOLUTE
    SYSTEM\\src\\exti.c                      0x00000000   Number         0  exti.o ABSOLUTE
    SYSTEM\\src\\timer.c                     0x00000000   Number         0  timer.o ABSOLUTE
    SYSTEM\\src\\usart.c                     0x00000000   Number         0  usart.o ABSOLUTE
    SYSTEM\src\adc.c                         0x00000000   Number         0  adc.o ABSOLUTE
    SYSTEM\src\delay.c                       0x00000000   Number         0  delay.o ABSOLUTE
    SYSTEM\src\eeprom.c                      0x00000000   Number         0  eeprom.o ABSOLUTE
    SYSTEM\src\exti.c                        0x00000000   Number         0  exti.o ABSOLUTE
    SYSTEM\src\timer.c                       0x00000000   Number         0  timer.o ABSOLUTE
    SYSTEM\src\usart.c                       0x00000000   Number         0  usart.o ABSOLUTE
    USER\\src\\at32f415_clock.c              0x00000000   Number         0  at32f415_clock.o ABSOLUTE
    USER\\src\\at32f415_int.c                0x00000000   Number         0  at32f415_int.o ABSOLUTE
    USER\\src\\main.c                        0x00000000   Number         0  main.o ABSOLUTE
    USER\src\at32f415_clock.c                0x00000000   Number         0  at32f415_clock.o ABSOLUTE
    USER\src\at32f415_int.c                  0x00000000   Number         0  at32f415_int.o ABSOLUTE
    USER\src\main.c                          0x00000000   Number         0  main.o ABSOLUTE
    dc.s                                     0x00000000   Number         0  dc.o ABSOLUTE
    RESET                                    0x08000000   Section      368  startup_at32f415.o(RESET)
    !!!main                                  0x08000170   Section        8  __main.o(!!!main)
    !!!scatter                               0x08000178   Section       52  __scatter.o(!!!scatter)
    !!handler_copy                           0x080001ac   Section       26  __scatter_copy.o(!!handler_copy)
    !!handler_zi                             0x080001c8   Section       28  __scatter_zi.o(!!handler_zi)
    .ARM.Collect$$libinit$$00000000          0x080001e4   Section        2  libinit.o(.ARM.Collect$$libinit$$00000000)
    .ARM.Collect$$libinit$$00000002          0x080001e6   Section        0  libinit2.o(.ARM.Collect$$libinit$$00000002)
    .ARM.Collect$$libinit$$00000004          0x080001e6   Section        0  libinit2.o(.ARM.Collect$$libinit$$00000004)
    .ARM.Collect$$libinit$$0000000A          0x080001e6   Section        0  libinit2.o(.ARM.Collect$$libinit$$0000000A)
    .ARM.Collect$$libinit$$0000000C          0x080001e6   Section        0  libinit2.o(.ARM.Collect$$libinit$$0000000C)
    .ARM.Collect$$libinit$$0000000E          0x080001e6   Section        0  libinit2.o(.ARM.Collect$$libinit$$0000000E)
    .ARM.Collect$$libinit$$00000011          0x080001e6   Section        0  libinit2.o(.ARM.Collect$$libinit$$00000011)
    .ARM.Collect$$libinit$$00000013          0x080001e6   Section        0  libinit2.o(.ARM.Collect$$libinit$$00000013)
    .ARM.Collect$$libinit$$00000015          0x080001e6   Section        0  libinit2.o(.ARM.Collect$$libinit$$00000015)
    .ARM.Collect$$libinit$$00000017          0x080001e6   Section        0  libinit2.o(.ARM.Collect$$libinit$$00000017)
    .ARM.Collect$$libinit$$00000019          0x080001e6   Section        0  libinit2.o(.ARM.Collect$$libinit$$00000019)
    .ARM.Collect$$libinit$$0000001B          0x080001e6   Section        0  libinit2.o(.ARM.Collect$$libinit$$0000001B)
    .ARM.Collect$$libinit$$0000001D          0x080001e6   Section        0  libinit2.o(.ARM.Collect$$libinit$$0000001D)
    .ARM.Collect$$libinit$$0000001F          0x080001e6   Section        0  libinit2.o(.ARM.Collect$$libinit$$0000001F)
    .ARM.Collect$$libinit$$00000021          0x080001e6   Section        0  libinit2.o(.ARM.Collect$$libinit$$00000021)
    .ARM.Collect$$libinit$$00000023          0x080001e6   Section        0  libinit2.o(.ARM.Collect$$libinit$$00000023)
    .ARM.Collect$$libinit$$00000025          0x080001e6   Section        0  libinit2.o(.ARM.Collect$$libinit$$00000025)
    .ARM.Collect$$libinit$$0000002C          0x080001e6   Section        0  libinit2.o(.ARM.Collect$$libinit$$0000002C)
    .ARM.Collect$$libinit$$0000002E          0x080001e6   Section        0  libinit2.o(.ARM.Collect$$libinit$$0000002E)
    .ARM.Collect$$libinit$$00000030          0x080001e6   Section        0  libinit2.o(.ARM.Collect$$libinit$$00000030)
    .ARM.Collect$$libinit$$00000032          0x080001e6   Section        0  libinit2.o(.ARM.Collect$$libinit$$00000032)
    .ARM.Collect$$libinit$$00000033          0x080001e6   Section        2  libinit2.o(.ARM.Collect$$libinit$$00000033)
    .ARM.Collect$$libshutdown$$00000000      0x080001e8   Section        2  libshutdown.o(.ARM.Collect$$libshutdown$$00000000)
    .ARM.Collect$$libshutdown$$00000002      0x080001ea   Section        0  libshutdown2.o(.ARM.Collect$$libshutdown$$00000002)
    .ARM.Collect$$libshutdown$$00000004      0x080001ea   Section        0  libshutdown2.o(.ARM.Collect$$libshutdown$$00000004)
    .ARM.Collect$$libshutdown$$00000006      0x080001ea   Section        0  libshutdown2.o(.ARM.Collect$$libshutdown$$00000006)
    .ARM.Collect$$libshutdown$$00000009      0x080001ea   Section        0  libshutdown2.o(.ARM.Collect$$libshutdown$$00000009)
    .ARM.Collect$$libshutdown$$0000000C      0x080001ea   Section        0  libshutdown2.o(.ARM.Collect$$libshutdown$$0000000C)
    .ARM.Collect$$libshutdown$$0000000E      0x080001ea   Section        0  libshutdown2.o(.ARM.Collect$$libshutdown$$0000000E)
    .ARM.Collect$$libshutdown$$00000011      0x080001ea   Section        0  libshutdown2.o(.ARM.Collect$$libshutdown$$00000011)
    .ARM.Collect$$libshutdown$$00000012      0x080001ea   Section        2  libshutdown2.o(.ARM.Collect$$libshutdown$$00000012)
    .ARM.Collect$$rtentry$$00000000          0x080001ec   Section        0  __rtentry.o(.ARM.Collect$$rtentry$$00000000)
    .ARM.Collect$$rtentry$$00000002          0x080001ec   Section        0  __rtentry2.o(.ARM.Collect$$rtentry$$00000002)
    .ARM.Collect$$rtentry$$00000004          0x080001ec   Section        6  __rtentry4.o(.ARM.Collect$$rtentry$$00000004)
    .ARM.Collect$$rtentry$$00000009          0x080001f2   Section        0  __rtentry2.o(.ARM.Collect$$rtentry$$00000009)
    .ARM.Collect$$rtentry$$0000000A          0x080001f2   Section        4  __rtentry2.o(.ARM.Collect$$rtentry$$0000000A)
    .ARM.Collect$$rtentry$$0000000C          0x080001f6   Section        0  __rtentry2.o(.ARM.Collect$$rtentry$$0000000C)
    .ARM.Collect$$rtentry$$0000000D          0x080001f6   Section        8  __rtentry2.o(.ARM.Collect$$rtentry$$0000000D)
    .ARM.Collect$$rtexit$$00000000           0x080001fe   Section        2  rtexit.o(.ARM.Collect$$rtexit$$00000000)
    .ARM.Collect$$rtexit$$00000002           0x08000200   Section        0  rtexit2.o(.ARM.Collect$$rtexit$$00000002)
    .ARM.Collect$$rtexit$$00000003           0x08000200   Section        4  rtexit2.o(.ARM.Collect$$rtexit$$00000003)
    .ARM.Collect$$rtexit$$00000004           0x08000204   Section        6  rtexit2.o(.ARM.Collect$$rtexit$$00000004)
    .text                                    0x0800020c   Section       64  startup_at32f415.o(.text)
    .text                                    0x0800024c   Section      238  lludivv7m.o(.text)
    .text                                    0x0800033a   Section        0  heapauxi.o(.text)
    .text                                    0x08000340   Section       74  sys_stackheap_outer.o(.text)
    .text                                    0x0800038a   Section        0  exit.o(.text)
    .text                                    0x0800039c   Section        8  libspace.o(.text)
    .text                                    0x080003a4   Section        0  sys_exit.o(.text)
    .text                                    0x080003b0   Section        2  use_no_semi.o(.text)
    .text                                    0x080003b2   Section        0  indicate_semi.o(.text)
    i.BusFault_Handler                       0x080003b2   Section        0  at32f415_int.o(i.BusFault_Handler)
    i.DMA1_Channel1_IRQHandler               0x080003b8   Section        0  usart.o(i.DMA1_Channel1_IRQHandler)
    i.DMA1_Channel2_IRQHandler               0x080003e0   Section        0  usart.o(i.DMA1_Channel2_IRQHandler)
    i.DMA1_Channel3_IRQHandler               0x08000408   Section        0  usart.o(i.DMA1_Channel3_IRQHandler)
    i.DMA1_Channel4_IRQHandler               0x08000434   Section        0  usart.o(i.DMA1_Channel4_IRQHandler)
    i.DebugMon_Handler                       0x08000460   Section        0  at32f415_int.o(i.DebugMon_Handler)
    i.EXINT15_10_IRQHandler                  0x08000464   Section        0  l_clip.o(i.EXINT15_10_IRQHandler)
    i.EXINT4_IRQHandler                      0x08000528   Section        0  clip.o(i.EXINT4_IRQHandler)
    i.EXINT9_5_IRQHandler                    0x0800053a   Section        0  clip.o(i.EXINT9_5_IRQHandler)
    i.HardFault_Handler                      0x0800054c   Section        0  at32f415_int.o(i.HardFault_Handler)
    i.MemManage_Handler                      0x08000550   Section        0  at32f415_int.o(i.MemManage_Handler)
    i.NMI_Handler                            0x08000554   Section        0  at32f415_int.o(i.NMI_Handler)
    i.PendSV_Handler                         0x08000556   Section        0  at32f415_int.o(i.PendSV_Handler)
    i.SVC_Handler                            0x08000558   Section        0  at32f415_int.o(i.SVC_Handler)
    i.SysTick_Handler                        0x0800055a   Section        0  at32f415_int.o(i.SysTick_Handler)
    i.SystemInit                             0x0800055c   Section        0  system_at32f415.o(i.SystemInit)
    i.TMR1_OVF_TMR10_IRQHandler              0x080005f8   Section        0  timer.o(i.TMR1_OVF_TMR10_IRQHandler)
    i.TMR2_GLOBAL_IRQHandler                 0x08000680   Section        0  motor.o(i.TMR2_GLOBAL_IRQHandler)
    i.UsageFault_Handler                     0x08000696   Section        0  at32f415_int.o(i.UsageFault_Handler)
    i.clip1_stop                             0x0800069c   Section        0  l_clip.o(i.clip1_stop)
    i.crm_ahb_div_set                        0x080006c8   Section        0  at32f415_crm.o(i.crm_ahb_div_set)
    i.crm_apb1_div_set                       0x080006dc   Section        0  at32f415_crm.o(i.crm_apb1_div_set)
    i.crm_apb2_div_set                       0x080006f0   Section        0  at32f415_crm.o(i.crm_apb2_div_set)
    i.crm_auto_step_mode_enable              0x08000704   Section        0  at32f415_crm.o(i.crm_auto_step_mode_enable)
    i.crm_clock_source_enable                0x0800072c   Section        0  at32f415_crm.o(i.crm_clock_source_enable)
    i.crm_flag_get                           0x0800078c   Section        0  at32f415_crm.o(i.crm_flag_get)
    i.crm_pll_config                         0x080007bc   Section        0  at32f415_crm.o(i.crm_pll_config)
    i.crm_reset                              0x080008d0   Section        0  at32f415_crm.o(i.crm_reset)
    i.crm_sysclk_switch                      0x08000934   Section        0  at32f415_crm.o(i.crm_sysclk_switch)
    i.crm_sysclk_switch_status_get           0x08000948   Section        0  at32f415_crm.o(i.crm_sysclk_switch_status_get)
    i.dma_channel_enable                     0x08000958   Section        0  at32f415_dma.o(i.dma_channel_enable)
    i.dma_flag_clear                         0x08000964   Section        0  at32f415_dma.o(i.dma_flag_clear)
    i.dma_flag_get                           0x08000984   Section        0  at32f415_dma.o(i.dma_flag_get)
    i.exint_flag_clear                       0x080009b0   Section        0  at32f415_exint.o(i.exint_flag_clear)
    i.exint_flag_get                         0x080009bc   Section        0  at32f415_exint.o(i.exint_flag_get)
    i.gpio_bits_write                        0x080009d8   Section        0  at32f415_gpio.o(i.gpio_bits_write)
    i.main                                   0x080009e2   Section        0  main.o(i.main)
    i.nvic_priority_group_config             0x080009f0   Section        0  at32f415_misc.o(i.nvic_priority_group_config)
    i.system_clock_config                    0x08000a18   Section        0  at32f415_clock.o(i.system_clock_config)
    i.system_core_clock_update               0x08000a8c   Section        0  system_at32f415.o(i.system_core_clock_update)
    i.tmr_flag_clear                         0x08000be0   Section        0  at32f415_tmr.o(i.tmr_flag_clear)
    i.tmr_flag_get                           0x08000be6   Section        0  at32f415_tmr.o(i.tmr_flag_get)
    .constdata                               0x08000bf8   Section       16  system_at32f415.o(.constdata)
    sys_ahb_div_table                        0x08000bf8   Data          16  system_at32f415.o(.constdata)
    .data                                    0x20000000   Section        4  system_at32f415.o(.data)
    .data                                    0x20000004   Section      124  usart.o(.data)
    .data                                    0x20000080   Section        6  timer.o(.data)
    sg_systick                               0x20000080   Data           6  timer.o(.data)
    .bss                                     0x20000088   Section       16  l_clip.o(.bss)
    .bss                                     0x20000098   Section       96  libspace.o(.bss)
    HEAP                                     0x200000f8   Section      512  startup_at32f415.o(HEAP)
    Heap_Mem                                 0x200000f8   Data         512  startup_at32f415.o(HEAP)
    STACK                                    0x200002f8   Section     1024  startup_at32f415.o(STACK)
    Stack_Mem                                0x200002f8   Data        1024  startup_at32f415.o(STACK)
    __initial_sp                             0x200006f8   Data           0  startup_at32f415.o(STACK)

    Global Symbols

    Symbol Name                              Value     Ov Type        Size  Object(Section)

    BuildAttributes$$THM_ISAv4$E$P$D$K$B$S$7EM$PE$A:L22UL41UL21$X:L11$S22US41US21$IEEE1$IW$USESV6$~STKCKD$USESV7$~SHL$OSPACE$ROPI$EBA8$UX$STANDARDLIB$REQ8$PRES8$EABIv2 0x00000000   Number         0  anon$$obj.o ABSOLUTE
    __ARM_use_no_argv                        0x00000000   Number         0  main.o ABSOLUTE
    __ARM_exceptions_init                     - Undefined Weak Reference
    __alloca_initialize                       - Undefined Weak Reference
    __arm_fini_                               - Undefined Weak Reference
    __arm_preinit_                            - Undefined Weak Reference
    __cpp_initialize__aeabi_                  - Undefined Weak Reference
    __cxa_finalize                            - Undefined Weak Reference
    __rt_locale                               - Undefined Weak Reference
    __sigvec_lookup                           - Undefined Weak Reference
    _atexit_init                              - Undefined Weak Reference
    _call_atexit_fns                          - Undefined Weak Reference
    _clock_init                               - Undefined Weak Reference
    _fp_trap_init                             - Undefined Weak Reference
    _fp_trap_shutdown                         - Undefined Weak Reference
    _get_lc_collate                           - Undefined Weak Reference
    _get_lc_ctype                             - Undefined Weak Reference
    _get_lc_monetary                          - Undefined Weak Reference
    _get_lc_numeric                           - Undefined Weak Reference
    _get_lc_time                              - Undefined Weak Reference
    _getenv_init                              - Undefined Weak Reference
    _handle_redirection                       - Undefined Weak Reference
    _init_alloc                               - Undefined Weak Reference
    _init_user_alloc                          - Undefined Weak Reference
    _initio                                   - Undefined Weak Reference
    _rand_init                                - Undefined Weak Reference
    _signal_finish                            - Undefined Weak Reference
    _signal_init                              - Undefined Weak Reference
    _terminate_alloc                          - Undefined Weak Reference
    _terminate_user_alloc                     - Undefined Weak Reference
    _terminateio                              - Undefined Weak Reference
    __Vectors_Size                           0x00000170   Number         0  startup_at32f415.o ABSOLUTE
    __Vectors                                0x08000000   Data           4  startup_at32f415.o(RESET)
    __Vectors_End                            0x08000170   Data           0  startup_at32f415.o(RESET)
    __main                                   0x08000171   Thumb Code     8  __main.o(!!!main)
    __scatterload                            0x08000179   Thumb Code     0  __scatter.o(!!!scatter)
    __scatterload_rt2                        0x08000179   Thumb Code    44  __scatter.o(!!!scatter)
    __scatterload_rt2_thumb_only             0x08000179   Thumb Code     0  __scatter.o(!!!scatter)
    __scatterload_null                       0x08000187   Thumb Code     0  __scatter.o(!!!scatter)
    __scatterload_copy                       0x080001ad   Thumb Code    26  __scatter_copy.o(!!handler_copy)
    __scatterload_zeroinit                   0x080001c9   Thumb Code    28  __scatter_zi.o(!!handler_zi)
    __rt_lib_init                            0x080001e5   Thumb Code     0  libinit.o(.ARM.Collect$$libinit$$00000000)
    __rt_lib_init_alloca_1                   0x080001e7   Thumb Code     0  libinit2.o(.ARM.Collect$$libinit$$0000002E)
    __rt_lib_init_argv_1                     0x080001e7   Thumb Code     0  libinit2.o(.ARM.Collect$$libinit$$0000002C)
    __rt_lib_init_atexit_1                   0x080001e7   Thumb Code     0  libinit2.o(.ARM.Collect$$libinit$$0000001B)
    __rt_lib_init_clock_1                    0x080001e7   Thumb Code     0  libinit2.o(.ARM.Collect$$libinit$$00000021)
    __rt_lib_init_cpp_1                      0x080001e7   Thumb Code     0  libinit2.o(.ARM.Collect$$libinit$$00000032)
    __rt_lib_init_exceptions_1               0x080001e7   Thumb Code     0  libinit2.o(.ARM.Collect$$libinit$$00000030)
    __rt_lib_init_fp_1                       0x080001e7   Thumb Code     0  libinit2.o(.ARM.Collect$$libinit$$00000002)
    __rt_lib_init_fp_trap_1                  0x080001e7   Thumb Code     0  libinit2.o(.ARM.Collect$$libinit$$0000001F)
    __rt_lib_init_getenv_1                   0x080001e7   Thumb Code     0  libinit2.o(.ARM.Collect$$libinit$$00000023)
    __rt_lib_init_heap_1                     0x080001e7   Thumb Code     0  libinit2.o(.ARM.Collect$$libinit$$0000000A)
    __rt_lib_init_lc_collate_1               0x080001e7   Thumb Code     0  libinit2.o(.ARM.Collect$$libinit$$00000011)
    __rt_lib_init_lc_ctype_1                 0x080001e7   Thumb Code     0  libinit2.o(.ARM.Collect$$libinit$$00000013)
    __rt_lib_init_lc_monetary_1              0x080001e7   Thumb Code     0  libinit2.o(.ARM.Collect$$libinit$$00000015)
    __rt_lib_init_lc_numeric_1               0x080001e7   Thumb Code     0  libinit2.o(.ARM.Collect$$libinit$$00000017)
    __rt_lib_init_lc_time_1                  0x080001e7   Thumb Code     0  libinit2.o(.ARM.Collect$$libinit$$00000019)
    __rt_lib_init_preinit_1                  0x080001e7   Thumb Code     0  libinit2.o(.ARM.Collect$$libinit$$00000004)
    __rt_lib_init_rand_1                     0x080001e7   Thumb Code     0  libinit2.o(.ARM.Collect$$libinit$$0000000E)
    __rt_lib_init_return                     0x080001e7   Thumb Code     0  libinit2.o(.ARM.Collect$$libinit$$00000033)
    __rt_lib_init_signal_1                   0x080001e7   Thumb Code     0  libinit2.o(.ARM.Collect$$libinit$$0000001D)
    __rt_lib_init_stdio_1                    0x080001e7   Thumb Code     0  libinit2.o(.ARM.Collect$$libinit$$00000025)
    __rt_lib_init_user_alloc_1               0x080001e7   Thumb Code     0  libinit2.o(.ARM.Collect$$libinit$$0000000C)
    __rt_lib_shutdown                        0x080001e9   Thumb Code     0  libshutdown.o(.ARM.Collect$$libshutdown$$00000000)
    __rt_lib_shutdown_cpp_1                  0x080001eb   Thumb Code     0  libshutdown2.o(.ARM.Collect$$libshutdown$$00000004)
    __rt_lib_shutdown_fini_1                 0x080001eb   Thumb Code     0  libshutdown2.o(.ARM.Collect$$libshutdown$$00000002)
    __rt_lib_shutdown_fp_trap_1              0x080001eb   Thumb Code     0  libshutdown2.o(.ARM.Collect$$libshutdown$$00000009)
    __rt_lib_shutdown_heap_1                 0x080001eb   Thumb Code     0  libshutdown2.o(.ARM.Collect$$libshutdown$$00000011)
    __rt_lib_shutdown_return                 0x080001eb   Thumb Code     0  libshutdown2.o(.ARM.Collect$$libshutdown$$00000012)
    __rt_lib_shutdown_signal_1               0x080001eb   Thumb Code     0  libshutdown2.o(.ARM.Collect$$libshutdown$$0000000C)
    __rt_lib_shutdown_stdio_1                0x080001eb   Thumb Code     0  libshutdown2.o(.ARM.Collect$$libshutdown$$00000006)
    __rt_lib_shutdown_user_alloc_1           0x080001eb   Thumb Code     0  libshutdown2.o(.ARM.Collect$$libshutdown$$0000000E)
    __rt_entry                               0x080001ed   Thumb Code     0  __rtentry.o(.ARM.Collect$$rtentry$$00000000)
    __rt_entry_presh_1                       0x080001ed   Thumb Code     0  __rtentry2.o(.ARM.Collect$$rtentry$$00000002)
    __rt_entry_sh                            0x080001ed   Thumb Code     0  __rtentry4.o(.ARM.Collect$$rtentry$$00000004)
    __rt_entry_li                            0x080001f3   Thumb Code     0  __rtentry2.o(.ARM.Collect$$rtentry$$0000000A)
    __rt_entry_postsh_1                      0x080001f3   Thumb Code     0  __rtentry2.o(.ARM.Collect$$rtentry$$00000009)
    __rt_entry_main                          0x080001f7   Thumb Code     0  __rtentry2.o(.ARM.Collect$$rtentry$$0000000D)
    __rt_entry_postli_1                      0x080001f7   Thumb Code     0  __rtentry2.o(.ARM.Collect$$rtentry$$0000000C)
    __rt_exit                                0x080001ff   Thumb Code     0  rtexit.o(.ARM.Collect$$rtexit$$00000000)
    __rt_exit_ls                             0x08000201   Thumb Code     0  rtexit2.o(.ARM.Collect$$rtexit$$00000003)
    __rt_exit_prels_1                        0x08000201   Thumb Code     0  rtexit2.o(.ARM.Collect$$rtexit$$00000002)
    __rt_exit_exit                           0x08000205   Thumb Code     0  rtexit2.o(.ARM.Collect$$rtexit$$00000004)
    Reset_Handler                            0x0800020d   Thumb Code     8  startup_at32f415.o(.text)
    ADC1_IRQHandler                          0x08000227   Thumb Code     0  startup_at32f415.o(.text)
    CAN1_RX0_IRQHandler                      0x08000227   Thumb Code     0  startup_at32f415.o(.text)
    CAN1_RX1_IRQHandler                      0x08000227   Thumb Code     0  startup_at32f415.o(.text)
    CAN1_SE_IRQHandler                       0x08000227   Thumb Code     0  startup_at32f415.o(.text)
    CAN1_TX_IRQHandler                       0x08000227   Thumb Code     0  startup_at32f415.o(.text)
    CMP1_IRQHandler                          0x08000227   Thumb Code     0  startup_at32f415.o(.text)
    CMP2_IRQHandler                          0x08000227   Thumb Code     0  startup_at32f415.o(.text)
    CRM_IRQHandler                           0x08000227   Thumb Code     0  startup_at32f415.o(.text)
    DMA1_Channel5_IRQHandler                 0x08000227   Thumb Code     0  startup_at32f415.o(.text)
    DMA1_Channel6_IRQHandler                 0x08000227   Thumb Code     0  startup_at32f415.o(.text)
    DMA1_Channel7_IRQHandler                 0x08000227   Thumb Code     0  startup_at32f415.o(.text)
    DMA2_Channel1_IRQHandler                 0x08000227   Thumb Code     0  startup_at32f415.o(.text)
    DMA2_Channel2_IRQHandler                 0x08000227   Thumb Code     0  startup_at32f415.o(.text)
    DMA2_Channel3_IRQHandler                 0x08000227   Thumb Code     0  startup_at32f415.o(.text)
    DMA2_Channel4_5_IRQHandler               0x08000227   Thumb Code     0  startup_at32f415.o(.text)
    DMA2_Channel6_7_IRQHandler               0x08000227   Thumb Code     0  startup_at32f415.o(.text)
    ERTCAlarm_IRQHandler                     0x08000227   Thumb Code     0  startup_at32f415.o(.text)
    ERTC_WKUP_IRQHandler                     0x08000227   Thumb Code     0  startup_at32f415.o(.text)
    EXINT0_IRQHandler                        0x08000227   Thumb Code     0  startup_at32f415.o(.text)
    EXINT1_IRQHandler                        0x08000227   Thumb Code     0  startup_at32f415.o(.text)
    EXINT2_IRQHandler                        0x08000227   Thumb Code     0  startup_at32f415.o(.text)
    EXINT3_IRQHandler                        0x08000227   Thumb Code     0  startup_at32f415.o(.text)
    FLASH_IRQHandler                         0x08000227   Thumb Code     0  startup_at32f415.o(.text)
    I2C1_ERR_IRQHandler                      0x08000227   Thumb Code     0  startup_at32f415.o(.text)
    I2C1_EVT_IRQHandler                      0x08000227   Thumb Code     0  startup_at32f415.o(.text)
    I2C2_ERR_IRQHandler                      0x08000227   Thumb Code     0  startup_at32f415.o(.text)
    I2C2_EVT_IRQHandler                      0x08000227   Thumb Code     0  startup_at32f415.o(.text)
    OTGFS1_IRQHandler                        0x08000227   Thumb Code     0  startup_at32f415.o(.text)
    OTGFS1_WKUP_IRQHandler                   0x08000227   Thumb Code     0  startup_at32f415.o(.text)
    PVM_IRQHandler                           0x08000227   Thumb Code     0  startup_at32f415.o(.text)
    SDIO1_IRQHandler                         0x08000227   Thumb Code     0  startup_at32f415.o(.text)
    SPI1_IRQHandler                          0x08000227   Thumb Code     0  startup_at32f415.o(.text)
    SPI2_IRQHandler                          0x08000227   Thumb Code     0  startup_at32f415.o(.text)
    TAMP_STAMP_IRQHandler                    0x08000227   Thumb Code     0  startup_at32f415.o(.text)
    TMR1_BRK_TMR9_IRQHandler                 0x08000227   Thumb Code     0  startup_at32f415.o(.text)
    TMR1_CH_IRQHandler                       0x08000227   Thumb Code     0  startup_at32f415.o(.text)
    TMR1_TRG_HALL_TMR11_IRQHandler           0x08000227   Thumb Code     0  startup_at32f415.o(.text)
    TMR3_GLOBAL_IRQHandler                   0x08000227   Thumb Code     0  startup_at32f415.o(.text)
    TMR4_GLOBAL_IRQHandler                   0x08000227   Thumb Code     0  startup_at32f415.o(.text)
    TMR5_GLOBAL_IRQHandler                   0x08000227   Thumb Code     0  startup_at32f415.o(.text)
    UART4_IRQHandler                         0x08000227   Thumb Code     0  startup_at32f415.o(.text)
    UART5_IRQHandler                         0x08000227   Thumb Code     0  startup_at32f415.o(.text)
    USART1_IRQHandler                        0x08000227   Thumb Code     0  startup_at32f415.o(.text)
    USART2_IRQHandler                        0x08000227   Thumb Code     0  startup_at32f415.o(.text)
    USART3_IRQHandler                        0x08000227   Thumb Code     0  startup_at32f415.o(.text)
    WWDT_IRQHandler                          0x08000227   Thumb Code     0  startup_at32f415.o(.text)
    __user_initial_stackheap                 0x08000229   Thumb Code     0  startup_at32f415.o(.text)
    __aeabi_uldivmod                         0x0800024d   Thumb Code     0  lludivv7m.o(.text)
    _ll_udiv                                 0x0800024d   Thumb Code   238  lludivv7m.o(.text)
    __use_two_region_memory                  0x0800033b   Thumb Code     2  heapauxi.o(.text)
    __rt_heap_escrow$2region                 0x0800033d   Thumb Code     2  heapauxi.o(.text)
    __rt_heap_expand$2region                 0x0800033f   Thumb Code     2  heapauxi.o(.text)
    __user_setup_stackheap                   0x08000341   Thumb Code    74  sys_stackheap_outer.o(.text)
    exit                                     0x0800038b   Thumb Code    18  exit.o(.text)
    __user_libspace                          0x0800039d   Thumb Code     8  libspace.o(.text)
    __user_perproc_libspace                  0x0800039d   Thumb Code     0  libspace.o(.text)
    __user_perthread_libspace                0x0800039d   Thumb Code     0  libspace.o(.text)
    _sys_exit                                0x080003a5   Thumb Code     8  sys_exit.o(.text)
    __I$use$semihosting                      0x080003b1   Thumb Code     0  use_no_semi.o(.text)
    __use_no_semihosting_swi                 0x080003b1   Thumb Code     2  use_no_semi.o(.text)
    BusFault_Handler                         0x080003b3   Thumb Code     4  at32f415_int.o(i.BusFault_Handler)
    __semihosting_library_function           0x080003b3   Thumb Code     0  indicate_semi.o(.text)
    DMA1_Channel1_IRQHandler                 0x080003b9   Thumb Code    32  usart.o(i.DMA1_Channel1_IRQHandler)
    DMA1_Channel2_IRQHandler                 0x080003e1   Thumb Code    32  usart.o(i.DMA1_Channel2_IRQHandler)
    DMA1_Channel3_IRQHandler                 0x08000409   Thumb Code    34  usart.o(i.DMA1_Channel3_IRQHandler)
    DMA1_Channel4_IRQHandler                 0x08000435   Thumb Code    34  usart.o(i.DMA1_Channel4_IRQHandler)
    DebugMon_Handler                         0x08000461   Thumb Code     2  at32f415_int.o(i.DebugMon_Handler)
    EXINT15_10_IRQHandler                    0x08000465   Thumb Code   192  l_clip.o(i.EXINT15_10_IRQHandler)
    EXINT4_IRQHandler                        0x08000529   Thumb Code    18  clip.o(i.EXINT4_IRQHandler)
    EXINT9_5_IRQHandler                      0x0800053b   Thumb Code    18  clip.o(i.EXINT9_5_IRQHandler)
    HardFault_Handler                        0x0800054d   Thumb Code     4  at32f415_int.o(i.HardFault_Handler)
    MemManage_Handler                        0x08000551   Thumb Code     4  at32f415_int.o(i.MemManage_Handler)
    NMI_Handler                              0x08000555   Thumb Code     2  at32f415_int.o(i.NMI_Handler)
    PendSV_Handler                           0x08000557   Thumb Code     2  at32f415_int.o(i.PendSV_Handler)
    SVC_Handler                              0x08000559   Thumb Code     2  at32f415_int.o(i.SVC_Handler)
    SysTick_Handler                          0x0800055b   Thumb Code     2  at32f415_int.o(i.SysTick_Handler)
    SystemInit                               0x0800055d   Thumb Code   138  system_at32f415.o(i.SystemInit)
    TMR1_OVF_TMR10_IRQHandler                0x080005f9   Thumb Code   128  timer.o(i.TMR1_OVF_TMR10_IRQHandler)
    TMR2_GLOBAL_IRQHandler                   0x08000681   Thumb Code    22  motor.o(i.TMR2_GLOBAL_IRQHandler)
    UsageFault_Handler                       0x08000697   Thumb Code     4  at32f415_int.o(i.UsageFault_Handler)
    clip1_stop                               0x0800069d   Thumb Code    36  l_clip.o(i.clip1_stop)
    crm_ahb_div_set                          0x080006c9   Thumb Code    14  at32f415_crm.o(i.crm_ahb_div_set)
    crm_apb1_div_set                         0x080006dd   Thumb Code    14  at32f415_crm.o(i.crm_apb1_div_set)
    crm_apb2_div_set                         0x080006f1   Thumb Code    14  at32f415_crm.o(i.crm_apb2_div_set)
    crm_auto_step_mode_enable                0x08000705   Thumb Code    34  at32f415_crm.o(i.crm_auto_step_mode_enable)
    crm_clock_source_enable                  0x0800072d   Thumb Code    90  at32f415_crm.o(i.crm_clock_source_enable)
    crm_flag_get                             0x0800078d   Thumb Code    42  at32f415_crm.o(i.crm_flag_get)
    crm_pll_config                           0x080007bd   Thumb Code   224  at32f415_crm.o(i.crm_pll_config)
    crm_reset                                0x080008d1   Thumb Code    90  at32f415_crm.o(i.crm_reset)
    crm_sysclk_switch                        0x08000935   Thumb Code    14  at32f415_crm.o(i.crm_sysclk_switch)
    crm_sysclk_switch_status_get             0x08000949   Thumb Code    10  at32f415_crm.o(i.crm_sysclk_switch_status_get)
    dma_channel_enable                       0x08000959   Thumb Code    10  at32f415_dma.o(i.dma_channel_enable)
    dma_flag_clear                           0x08000965   Thumb Code    22  at32f415_dma.o(i.dma_flag_clear)
    dma_flag_get                             0x08000985   Thumb Code    36  at32f415_dma.o(i.dma_flag_get)
    exint_flag_clear                         0x080009b1   Thumb Code     6  at32f415_exint.o(i.exint_flag_clear)
    exint_flag_get                           0x080009bd   Thumb Code    24  at32f415_exint.o(i.exint_flag_get)
    gpio_bits_write                          0x080009d9   Thumb Code    10  at32f415_gpio.o(i.gpio_bits_write)
    main                                     0x080009e3   Thumb Code    14  main.o(i.main)
    nvic_priority_group_config               0x080009f1   Thumb Code    32  at32f415_misc.o(i.nvic_priority_group_config)
    system_clock_config                      0x08000a19   Thumb Code   112  at32f415_clock.o(i.system_clock_config)
    system_core_clock_update                 0x08000a8d   Thumb Code   316  system_at32f415.o(i.system_core_clock_update)
    tmr_flag_clear                           0x08000be1   Thumb Code     6  at32f415_tmr.o(i.tmr_flag_clear)
    tmr_flag_get                             0x08000be7   Thumb Code    18  at32f415_tmr.o(i.tmr_flag_get)
    Region$$Table$$Base                      0x08000c08   Number         0  anon$$obj.o(Region$$Table)
    Region$$Table$$Limit                     0x08000c28   Number         0  anon$$obj.o(Region$$Table)
    system_core_clock                        0x20000000   Data           4  system_at32f415.o(.data)
    usart2_tx_buffer                         0x20000004   Data          60  usart.o(.data)
    usart3_tx_buffer                         0x20000040   Data          60  usart.o(.data)
    usart2_tx_dma_status                     0x2000007c   Data           1  usart.o(.data)
    usart2_rx_dma_status                     0x2000007d   Data           1  usart.o(.data)
    usart3_tx_dma_status                     0x2000007e   Data           1  usart.o(.data)
    usart3_rx_dma_status                     0x2000007f   Data           1  usart.o(.data)
    Clip                                     0x20000088   Data          16  l_clip.o(.bss)
    __libspace_start                         0x20000098   Data          96  libspace.o(.bss)
    __temporary_stack_top$libspace           0x200000f8   Data           0  libspace.o(.bss)



==============================================================================

Memory Map of the image

  Image Entry point : 0x08000171

  Load Region LR_IROM1 (Base: 0x08000000, Size: 0x00000cb0, Max: 0x00020000, ABSOLUTE)

    Execution Region ER_IROM1 (Exec base: 0x08000000, Load base: 0x08000000, Size: 0x00000c28, Max: 0x00020000, ABSOLUTE)

    Exec Addr    Load Addr    Size         Type   Attr      Idx    E Section Name        Object

    0x08000000   0x08000000   0x00000170   Data   RO         3874    RESET               startup_at32f415.o
    0x08000170   0x08000170   0x00000008   Code   RO         4245  * !!!main             c_w.l(__main.o)
    0x08000178   0x08000178   0x00000034   Code   RO         4435    !!!scatter          c_w.l(__scatter.o)
    0x080001ac   0x080001ac   0x0000001a   Code   RO         4437    !!handler_copy      c_w.l(__scatter_copy.o)
    0x080001c6   0x080001c6   0x00000002   PAD
    0x080001c8   0x080001c8   0x0000001c   Code   RO         4439    !!handler_zi        c_w.l(__scatter_zi.o)
    0x080001e4   0x080001e4   0x00000002   Code   RO         4303    .ARM.Collect$$libinit$$00000000  c_w.l(libinit.o)
    0x080001e6   0x080001e6   0x00000000   Code   RO         4316    .ARM.Collect$$libinit$$00000002  c_w.l(libinit2.o)
    0x080001e6   0x080001e6   0x00000000   Code   RO         4318    .ARM.Collect$$libinit$$00000004  c_w.l(libinit2.o)
    0x080001e6   0x080001e6   0x00000000   Code   RO         4321    .ARM.Collect$$libinit$$0000000A  c_w.l(libinit2.o)
    0x080001e6   0x080001e6   0x00000000   Code   RO         4323    .ARM.Collect$$libinit$$0000000C  c_w.l(libinit2.o)
    0x080001e6   0x080001e6   0x00000000   Code   RO         4325    .ARM.Collect$$libinit$$0000000E  c_w.l(libinit2.o)
    0x080001e6   0x080001e6   0x00000000   Code   RO         4328    .ARM.Collect$$libinit$$00000011  c_w.l(libinit2.o)
    0x080001e6   0x080001e6   0x00000000   Code   RO         4330    .ARM.Collect$$libinit$$00000013  c_w.l(libinit2.o)
    0x080001e6   0x080001e6   0x00000000   Code   RO         4332    .ARM.Collect$$libinit$$00000015  c_w.l(libinit2.o)
    0x080001e6   0x080001e6   0x00000000   Code   RO         4334    .ARM.Collect$$libinit$$00000017  c_w.l(libinit2.o)
    0x080001e6   0x080001e6   0x00000000   Code   RO         4336    .ARM.Collect$$libinit$$00000019  c_w.l(libinit2.o)
    0x080001e6   0x080001e6   0x00000000   Code   RO         4338    .ARM.Collect$$libinit$$0000001B  c_w.l(libinit2.o)
    0x080001e6   0x080001e6   0x00000000   Code   RO         4340    .ARM.Collect$$libinit$$0000001D  c_w.l(libinit2.o)
    0x080001e6   0x080001e6   0x00000000   Code   RO         4342    .ARM.Collect$$libinit$$0000001F  c_w.l(libinit2.o)
    0x080001e6   0x080001e6   0x00000000   Code   RO         4344    .ARM.Collect$$libinit$$00000021  c_w.l(libinit2.o)
    0x080001e6   0x080001e6   0x00000000   Code   RO         4346    .ARM.Collect$$libinit$$00000023  c_w.l(libinit2.o)
    0x080001e6   0x080001e6   0x00000000   Code   RO         4348    .ARM.Collect$$libinit$$00000025  c_w.l(libinit2.o)
    0x080001e6   0x080001e6   0x00000000   Code   RO         4352    .ARM.Collect$$libinit$$0000002C  c_w.l(libinit2.o)
    0x080001e6   0x080001e6   0x00000000   Code   RO         4354    .ARM.Collect$$libinit$$0000002E  c_w.l(libinit2.o)
    0x080001e6   0x080001e6   0x00000000   Code   RO         4356    .ARM.Collect$$libinit$$00000030  c_w.l(libinit2.o)
    0x080001e6   0x080001e6   0x00000000   Code   RO         4358    .ARM.Collect$$libinit$$00000032  c_w.l(libinit2.o)
    0x080001e6   0x080001e6   0x00000002   Code   RO         4359    .ARM.Collect$$libinit$$00000033  c_w.l(libinit2.o)
    0x080001e8   0x080001e8   0x00000002   Code   RO         4390    .ARM.Collect$$libshutdown$$00000000  c_w.l(libshutdown.o)
    0x080001ea   0x080001ea   0x00000000   Code   RO         4416    .ARM.Collect$$libshutdown$$00000002  c_w.l(libshutdown2.o)
    0x080001ea   0x080001ea   0x00000000   Code   RO         4418    .ARM.Collect$$libshutdown$$00000004  c_w.l(libshutdown2.o)
    0x080001ea   0x080001ea   0x00000000   Code   RO         4420    .ARM.Collect$$libshutdown$$00000006  c_w.l(libshutdown2.o)
    0x080001ea   0x080001ea   0x00000000   Code   RO         4423    .ARM.Collect$$libshutdown$$00000009  c_w.l(libshutdown2.o)
    0x080001ea   0x080001ea   0x00000000   Code   RO         4426    .ARM.Collect$$libshutdown$$0000000C  c_w.l(libshutdown2.o)
    0x080001ea   0x080001ea   0x00000000   Code   RO         4428    .ARM.Collect$$libshutdown$$0000000E  c_w.l(libshutdown2.o)
    0x080001ea   0x080001ea   0x00000000   Code   RO         4431    .ARM.Collect$$libshutdown$$00000011  c_w.l(libshutdown2.o)
    0x080001ea   0x080001ea   0x00000002   Code   RO         4432    .ARM.Collect$$libshutdown$$00000012  c_w.l(libshutdown2.o)
    0x080001ec   0x080001ec   0x00000000   Code   RO         4263    .ARM.Collect$$rtentry$$00000000  c_w.l(__rtentry.o)
    0x080001ec   0x080001ec   0x00000000   Code   RO         4274    .ARM.Collect$$rtentry$$00000002  c_w.l(__rtentry2.o)
    0x080001ec   0x080001ec   0x00000006   Code   RO         4286    .ARM.Collect$$rtentry$$00000004  c_w.l(__rtentry4.o)
    0x080001f2   0x080001f2   0x00000000   Code   RO         4276    .ARM.Collect$$rtentry$$00000009  c_w.l(__rtentry2.o)
    0x080001f2   0x080001f2   0x00000004   Code   RO         4277    .ARM.Collect$$rtentry$$0000000A  c_w.l(__rtentry2.o)
    0x080001f6   0x080001f6   0x00000000   Code   RO         4279    .ARM.Collect$$rtentry$$0000000C  c_w.l(__rtentry2.o)
    0x080001f6   0x080001f6   0x00000008   Code   RO         4280    .ARM.Collect$$rtentry$$0000000D  c_w.l(__rtentry2.o)
    0x080001fe   0x080001fe   0x00000002   Code   RO         4307    .ARM.Collect$$rtexit$$00000000  c_w.l(rtexit.o)
    0x08000200   0x08000200   0x00000000   Code   RO         4363    .ARM.Collect$$rtexit$$00000002  c_w.l(rtexit2.o)
    0x08000200   0x08000200   0x00000004   Code   RO         4364    .ARM.Collect$$rtexit$$00000003  c_w.l(rtexit2.o)
    0x08000204   0x08000204   0x00000006   Code   RO         4365    .ARM.Collect$$rtexit$$00000004  c_w.l(rtexit2.o)
    0x0800020a   0x0800020a   0x00000002   PAD
    0x0800020c   0x0800020c   0x00000040   Code   RO         3875    .text               startup_at32f415.o
    0x0800024c   0x0800024c   0x000000ee   Code   RO         4241    .text               c_w.l(lludivv7m.o)
    0x0800033a   0x0800033a   0x00000006   Code   RO         4243    .text               c_w.l(heapauxi.o)
    0x08000340   0x08000340   0x0000004a   Code   RO         4290    .text               c_w.l(sys_stackheap_outer.o)
    0x0800038a   0x0800038a   0x00000012   Code   RO         4292    .text               c_w.l(exit.o)
    0x0800039c   0x0800039c   0x00000008   Code   RO         4304    .text               c_w.l(libspace.o)
    0x080003a4   0x080003a4   0x0000000c   Code   RO         4360    .text               c_w.l(sys_exit.o)
    0x080003b0   0x080003b0   0x00000002   Code   RO         4379    .text               c_w.l(use_no_semi.o)
    0x080003b2   0x080003b2   0x00000000   Code   RO         4381    .text               c_w.l(indicate_semi.o)
    0x080003b2   0x080003b2   0x00000004   Code   RO          129    i.BusFault_Handler  at32f415_int.o
    0x080003b6   0x080003b6   0x00000002   PAD
    0x080003b8   0x080003b8   0x00000028   Code   RO         3974    i.DMA1_Channel1_IRQHandler  usart.o
    0x080003e0   0x080003e0   0x00000028   Code   RO         3975    i.DMA1_Channel2_IRQHandler  usart.o
    0x08000408   0x08000408   0x0000002c   Code   RO         3976    i.DMA1_Channel3_IRQHandler  usart.o
    0x08000434   0x08000434   0x0000002c   Code   RO         3977    i.DMA1_Channel4_IRQHandler  usart.o
    0x08000460   0x08000460   0x00000002   Code   RO          130    i.DebugMon_Handler  at32f415_int.o
    0x08000462   0x08000462   0x00000002   PAD
    0x08000464   0x08000464   0x000000c4   Code   RO         3660    i.EXINT15_10_IRQHandler  l_clip.o
    0x08000528   0x08000528   0x00000012   Code   RO         3548    i.EXINT4_IRQHandler  clip.o
    0x0800053a   0x0800053a   0x00000012   Code   RO         3549    i.EXINT9_5_IRQHandler  clip.o
    0x0800054c   0x0800054c   0x00000004   Code   RO          131    i.HardFault_Handler  at32f415_int.o
    0x08000550   0x08000550   0x00000004   Code   RO          132    i.MemManage_Handler  at32f415_int.o
    0x08000554   0x08000554   0x00000002   Code   RO          133    i.NMI_Handler       at32f415_int.o
    0x08000556   0x08000556   0x00000002   Code   RO          134    i.PendSV_Handler    at32f415_int.o
    0x08000558   0x08000558   0x00000002   Code   RO          135    i.SVC_Handler       at32f415_int.o
    0x0800055a   0x0800055a   0x00000002   Code   RO          136    i.SysTick_Handler   at32f415_int.o
    0x0800055c   0x0800055c   0x0000009c   Code   RO         3807    i.SystemInit        system_at32f415.o
    0x080005f8   0x080005f8   0x00000088   Code   RO         4041    i.TMR1_OVF_TMR10_IRQHandler  timer.o
    0x08000680   0x08000680   0x00000016   Code   RO         3454    i.TMR2_GLOBAL_IRQHandler  motor.o
    0x08000696   0x08000696   0x00000004   Code   RO          137    i.UsageFault_Handler  at32f415_int.o
    0x0800069a   0x0800069a   0x00000002   PAD
    0x0800069c   0x0800069c   0x0000002c   Code   RO         3671    i.clip1_stop        l_clip.o
    0x080006c8   0x080006c8   0x00000014   Code   RO          743    i.crm_ahb_div_set   at32f415_crm.o
    0x080006dc   0x080006dc   0x00000014   Code   RO          744    i.crm_apb1_div_set  at32f415_crm.o
    0x080006f0   0x080006f0   0x00000014   Code   RO          745    i.crm_apb2_div_set  at32f415_crm.o
    0x08000704   0x08000704   0x00000028   Code   RO          746    i.crm_auto_step_mode_enable  at32f415_crm.o
    0x0800072c   0x0800072c   0x00000060   Code   RO          751    i.crm_clock_source_enable  at32f415_crm.o
    0x0800078c   0x0800078c   0x00000030   Code   RO          756    i.crm_flag_get      at32f415_crm.o
    0x080007bc   0x080007bc   0x00000114   Code   RO          769    i.crm_pll_config    at32f415_crm.o
    0x080008d0   0x080008d0   0x00000064   Code   RO          771    i.crm_reset         at32f415_crm.o
    0x08000934   0x08000934   0x00000014   Code   RO          772    i.crm_sysclk_switch  at32f415_crm.o
    0x08000948   0x08000948   0x00000010   Code   RO          773    i.crm_sysclk_switch_status_get  at32f415_crm.o
    0x08000958   0x08000958   0x0000000a   Code   RO         1001    i.dma_channel_enable  at32f415_dma.o
    0x08000962   0x08000962   0x00000002   PAD
    0x08000964   0x08000964   0x00000020   Code   RO         1005    i.dma_flag_clear    at32f415_dma.o
    0x08000984   0x08000984   0x0000002c   Code   RO         1006    i.dma_flag_get      at32f415_dma.o
    0x080009b0   0x080009b0   0x0000000c   Code   RO         1423    i.exint_flag_clear  at32f415_exint.o
    0x080009bc   0x080009bc   0x0000001c   Code   RO         1424    i.exint_flag_get    at32f415_exint.o
    0x080009d8   0x080009d8   0x0000000a   Code   RO         1706    i.gpio_bits_write   at32f415_gpio.o
    0x080009e2   0x080009e2   0x0000000e   Code   RO          204    i.main              main.o
    0x080009f0   0x080009f0   0x00000028   Code   RO         2025    i.nvic_priority_group_config  at32f415_misc.o
    0x08000a18   0x08000a18   0x00000074   Code   RO            4    i.system_clock_config  at32f415_clock.o
    0x08000a8c   0x08000a8c   0x00000154   Code   RO         3808    i.system_core_clock_update  system_at32f415.o
    0x08000be0   0x08000be0   0x00000006   Code   RO         2536    i.tmr_flag_clear    at32f415_tmr.o
    0x08000be6   0x08000be6   0x00000012   Code   RO         2537    i.tmr_flag_get      at32f415_tmr.o
    0x08000bf8   0x08000bf8   0x00000010   Data   RO         3809    .constdata          system_at32f415.o
    0x08000c08   0x08000c08   0x00000020   Data   RO         4433    Region$$Table       anon$$obj.o


    Execution Region RW_IRAM1 (Exec base: 0x20000000, Load base: 0x08000c28, Size: 0x000006f8, Max: 0x00008000, ABSOLUTE)

    Exec Addr    Load Addr    Size         Type   Attr      Idx    E Section Name        Object

    0x20000000   0x08000c28   0x00000004   Data   RW         3810    .data               system_at32f415.o
    0x20000004   0x08000c2c   0x0000007c   Data   RW         3982    .data               usart.o
    0x20000080   0x08000ca8   0x00000006   Data   RW         4044    .data               timer.o
    0x20000086   0x08000cae   0x00000002   PAD
    0x20000088        -       0x00000010   Zero   RW         3680    .bss                l_clip.o
    0x20000098        -       0x00000060   Zero   RW         4305    .bss                c_w.l(libspace.o)
    0x200000f8        -       0x00000200   Zero   RW         3873    HEAP                startup_at32f415.o
    0x200002f8        -       0x00000400   Zero   RW         3872    STACK               startup_at32f415.o


==============================================================================

Image component sizes


      Code (inc. data)   RO Data    RW Data    ZI Data      Debug   Object Name

       116          4          0          0          0      49998   at32f415_clock.o
       656        116          0          0          0       4925   at32f415_crm.o
        86         18          0          0          0       1897   at32f415_dma.o
        40         10          0          0          0        996   at32f415_exint.o
        10          0          0          0          0        926   at32f415_gpio.o
        26          0          0          0          0       3638   at32f415_int.o
        40          8          0          0          0      30652   at32f415_misc.o
        24          0          0          0          0       1436   at32f415_tmr.o
        36          0          0          0          0        874   clip.o
       240         12          0          0         16       2516   l_clip.o
        14          0          0          0          0        407   main.o
        22          0          0          0          0        445   motor.o
        64         26        368          0       1536        760   startup_at32f415.o
       496         42         16          4          0       2004   system_at32f415.o
       136          8          0          6          0       1357   timer.o
       168         36          0        124          0       3058   usart.o

    ----------------------------------------------------------------------
      2182        280        416        136       1552     105889   Object Totals
         0          0         32          0          0          0   (incl. Generated)
         8          0          0          2          0          0   (incl. Padding)

    ----------------------------------------------------------------------

      Code (inc. data)   RO Data    RW Data    ZI Data      Debug   Library Member Name

         8          0          0          0          0         68   __main.o
         0          0          0          0          0          0   __rtentry.o
        12          0          0          0          0          0   __rtentry2.o
         6          0          0          0          0          0   __rtentry4.o
        52          8          0          0          0          0   __scatter.o
        26          0          0          0          0          0   __scatter_copy.o
        28          0          0          0          0          0   __scatter_zi.o
        18          0          0          0          0         80   exit.o
         6          0          0          0          0        152   heapauxi.o
         0          0          0          0          0          0   indicate_semi.o
         2          0          0          0          0          0   libinit.o
         2          0          0          0          0          0   libinit2.o
         2          0          0          0          0          0   libshutdown.o
         2          0          0          0          0          0   libshutdown2.o
         8          4          0          0         96         68   libspace.o
       238          0          0          0          0        100   lludivv7m.o
         2          0          0          0          0          0   rtexit.o
        10          0          0          0          0          0   rtexit2.o
        12          4          0          0          0         68   sys_exit.o
        74          0          0          0          0         80   sys_stackheap_outer.o
         2          0          0          0          0         68   use_no_semi.o

    ----------------------------------------------------------------------
       514         16          0          0         96        684   Library Totals
         4          0          0          0          0          0   (incl. Padding)

    ----------------------------------------------------------------------

      Code (inc. data)   RO Data    RW Data    ZI Data      Debug   Library Name

       510         16          0          0         96        684   c_w.l

    ----------------------------------------------------------------------
       514         16          0          0         96        684   Library Totals

    ----------------------------------------------------------------------

==============================================================================


      Code (inc. data)   RO Data    RW Data    ZI Data      Debug   

      2696        296        416        136       1648     104437   Grand Totals
      2696        296        416        136       1648     104437   ELF Image Totals
      2696        296        416        136          0          0   ROM Totals

==============================================================================

    Total RO  Size (Code + RO Data)                 3112 (   3.04kB)
    Total RW  Size (RW Data + ZI Data)              1784 (   1.74kB)
    Total ROM Size (Code + RO Data + RW Data)       3248 (   3.17kB)

==============================================================================

